Archive member included to satisfy reference by file (symbol)

C:/ST/STM32CubeIDE_1.13.0/STM32CubeIDE/plugins/com.st.stm32cube.ide.mcu.externaltools.gnu-tools-for-stm32.11.3.rel1.win32_1.1.100.202309141235/tools/bin/../lib/gcc/arm-none-eabi/11.3.1/../../../../arm-none-eabi/lib/thumb/v8-m.main+fp/hard\libc_nano.a(libc_a-exit.o)
                              C:/ST/STM32CubeIDE_1.13.0/STM32CubeIDE/plugins/com.st.stm32cube.ide.mcu.externaltools.gnu-tools-for-stm32.11.3.rel1.win32_1.1.100.202309141235/tools/bin/../lib/gcc/arm-none-eabi/11.3.1/../../../../arm-none-eabi/lib/thumb/v8-m.main+fp/hard/crt0.o (exit)
C:/ST/STM32CubeIDE_1.13.0/STM32CubeIDE/plugins/com.st.stm32cube.ide.mcu.externaltools.gnu-tools-for-stm32.11.3.rel1.win32_1.1.100.202309141235/tools/bin/../lib/gcc/arm-none-eabi/11.3.1/../../../../arm-none-eabi/lib/thumb/v8-m.main+fp/hard\libc_nano.a(libc_a-findfp.o)
                              C:/ST/STM32CubeIDE_1.13.0/STM32CubeIDE/plugins/com.st.stm32cube.ide.mcu.externaltools.gnu-tools-for-stm32.11.3.rel1.win32_1.1.100.202309141235/tools/bin/../lib/gcc/arm-none-eabi/11.3.1/../../../../arm-none-eabi/lib/thumb/v8-m.main+fp/hard\libc_nano.a(libc_a-exit.o) (__stdio_exit_handler)
C:/ST/STM32CubeIDE_1.13.0/STM32CubeIDE/plugins/com.st.stm32cube.ide.mcu.externaltools.gnu-tools-for-stm32.11.3.rel1.win32_1.1.100.202309141235/tools/bin/../lib/gcc/arm-none-eabi/11.3.1/../../../../arm-none-eabi/lib/thumb/v8-m.main+fp/hard\libc_nano.a(libc_a-fwalk.o)
                              C:/ST/STM32CubeIDE_1.13.0/STM32CubeIDE/plugins/com.st.stm32cube.ide.mcu.externaltools.gnu-tools-for-stm32.11.3.rel1.win32_1.1.100.202309141235/tools/bin/../lib/gcc/arm-none-eabi/11.3.1/../../../../arm-none-eabi/lib/thumb/v8-m.main+fp/hard\libc_nano.a(libc_a-findfp.o) (_fwalk_sglue)
C:/ST/STM32CubeIDE_1.13.0/STM32CubeIDE/plugins/com.st.stm32cube.ide.mcu.externaltools.gnu-tools-for-stm32.11.3.rel1.win32_1.1.100.202309141235/tools/bin/../lib/gcc/arm-none-eabi/11.3.1/../../../../arm-none-eabi/lib/thumb/v8-m.main+fp/hard\libc_nano.a(libc_a-stdio.o)
                              C:/ST/STM32CubeIDE_1.13.0/STM32CubeIDE/plugins/com.st.stm32cube.ide.mcu.externaltools.gnu-tools-for-stm32.11.3.rel1.win32_1.1.100.202309141235/tools/bin/../lib/gcc/arm-none-eabi/11.3.1/../../../../arm-none-eabi/lib/thumb/v8-m.main+fp/hard\libc_nano.a(libc_a-findfp.o) (__sread)
C:/ST/STM32CubeIDE_1.13.0/STM32CubeIDE/plugins/com.st.stm32cube.ide.mcu.externaltools.gnu-tools-for-stm32.11.3.rel1.win32_1.1.100.202309141235/tools/bin/../lib/gcc/arm-none-eabi/11.3.1/../../../../arm-none-eabi/lib/thumb/v8-m.main+fp/hard\libc_nano.a(libc_a-memset.o)
                              C:/ST/STM32CubeIDE_1.13.0/STM32CubeIDE/plugins/com.st.stm32cube.ide.mcu.externaltools.gnu-tools-for-stm32.11.3.rel1.win32_1.1.100.202309141235/tools/bin/../lib/gcc/arm-none-eabi/11.3.1/../../../../arm-none-eabi/lib/thumb/v8-m.main+fp/hard/crt0.o (memset)
C:/ST/STM32CubeIDE_1.13.0/STM32CubeIDE/plugins/com.st.stm32cube.ide.mcu.externaltools.gnu-tools-for-stm32.11.3.rel1.win32_1.1.100.202309141235/tools/bin/../lib/gcc/arm-none-eabi/11.3.1/../../../../arm-none-eabi/lib/thumb/v8-m.main+fp/hard\libc_nano.a(libc_a-closer.o)
                              C:/ST/STM32CubeIDE_1.13.0/STM32CubeIDE/plugins/com.st.stm32cube.ide.mcu.externaltools.gnu-tools-for-stm32.11.3.rel1.win32_1.1.100.202309141235/tools/bin/../lib/gcc/arm-none-eabi/11.3.1/../../../../arm-none-eabi/lib/thumb/v8-m.main+fp/hard\libc_nano.a(libc_a-stdio.o) (_close_r)
C:/ST/STM32CubeIDE_1.13.0/STM32CubeIDE/plugins/com.st.stm32cube.ide.mcu.externaltools.gnu-tools-for-stm32.11.3.rel1.win32_1.1.100.202309141235/tools/bin/../lib/gcc/arm-none-eabi/11.3.1/../../../../arm-none-eabi/lib/thumb/v8-m.main+fp/hard\libc_nano.a(libc_a-reent.o)
                              C:/ST/STM32CubeIDE_1.13.0/STM32CubeIDE/plugins/com.st.stm32cube.ide.mcu.externaltools.gnu-tools-for-stm32.11.3.rel1.win32_1.1.100.202309141235/tools/bin/../lib/gcc/arm-none-eabi/11.3.1/../../../../arm-none-eabi/lib/thumb/v8-m.main+fp/hard\libc_nano.a(libc_a-closer.o) (errno)
C:/ST/STM32CubeIDE_1.13.0/STM32CubeIDE/plugins/com.st.stm32cube.ide.mcu.externaltools.gnu-tools-for-stm32.11.3.rel1.win32_1.1.100.202309141235/tools/bin/../lib/gcc/arm-none-eabi/11.3.1/../../../../arm-none-eabi/lib/thumb/v8-m.main+fp/hard\libc_nano.a(libc_a-impure.o)
                              C:/ST/STM32CubeIDE_1.13.0/STM32CubeIDE/plugins/com.st.stm32cube.ide.mcu.externaltools.gnu-tools-for-stm32.11.3.rel1.win32_1.1.100.202309141235/tools/bin/../lib/gcc/arm-none-eabi/11.3.1/../../../../arm-none-eabi/lib/thumb/v8-m.main+fp/hard\libc_nano.a(libc_a-reent.o) (_impure_ptr)
C:/ST/STM32CubeIDE_1.13.0/STM32CubeIDE/plugins/com.st.stm32cube.ide.mcu.externaltools.gnu-tools-for-stm32.11.3.rel1.win32_1.1.100.202309141235/tools/bin/../lib/gcc/arm-none-eabi/11.3.1/../../../../arm-none-eabi/lib/thumb/v8-m.main+fp/hard\libc_nano.a(libc_a-lseekr.o)
[...]
Memory Configuration

Name             Origin             Length             Attributes
RAM              0x0000000020000000 0x00000000000a0000 xrw
FLASH            0x0000000008000000 0x0000000000200000 xr
*default*        0x0000000000000000 0xffffffffffffffff

Linker script and memory map

LOAD C:/ST/STM32CubeIDE_1.13.0/STM32CubeIDE/plugins/com.st.stm32cube.ide.mcu.externaltools.gnu-tools-for-stm32.11.3.rel1.win32_1.1.100.202309141235/tools/bin/../lib/gcc/arm-none-eabi/11.3.1/thumb/v8-m.main+fp/hard/crti.o
LOAD C:/ST/STM32CubeIDE_1.13.0/STM32CubeIDE/plugins/com.st.stm32cube.ide.mcu.externaltools.gnu-tools-for-stm32.11.3.rel1.win32_1.1.100.202309141235/tools/bin/../lib/gcc/arm-none-eabi/11.3.1/thumb/v8-m.main+fp/hard/crtbegin.o
LOAD C:/ST/STM32CubeIDE_1.13.0/STM32CubeIDE/plugins/com.st.stm32cube.ide.mcu.externaltools.gnu-tools-for-stm32.11.3.rel1.win32_1.1.100.202309141235/tools/bin/../lib/gcc/arm-none-eabi/11.3.1/../../../../arm-none-eabi/lib/thumb/v8-m.main+fp/hard/crt0.o
LOAD ./Core/Src/BMP180.o
LOAD ./Core/Src/main.o
LOAD ./Core/Src/stm32h5xx_hal_msp.o
LOAD ./Core/Src/stm32h5xx_it.o
LOAD ./Core/Src/syscalls.o
LOAD ./Core/Src/sysmem.o
LOAD ./Core/Src/system_stm32h5xx.o
LOAD ./Core/Startup/startup_stm32h563zitx.o
LOAD ./Drivers/STM32H5xx_HAL_Driver/Src/stm32h5xx_hal.o
LOAD ./Drivers/STM32H5xx_HAL_Driver/Src/stm32h5xx_hal_adc.o
LOAD ./Drivers/STM32H5xx_HAL_Driver/Src/stm32h5xx_hal_adc_ex.o
LOAD ./Drivers/STM32H5xx_HAL_Driver/Src/stm32h5xx_hal_cortex.o
LOAD ./Drivers/STM32H5xx_HAL_Driver/Src/stm32h5xx_hal_dma.o
LOAD ./Drivers/STM32H5xx_HAL_Driver/Src/stm32h5xx_hal_dma_ex.o
LOAD ./Drivers/STM32H5xx_HAL_Driver/Src/stm32h5xx_hal_eth.o
LOAD ./Drivers/STM32H5xx_HAL_Driver/Src/stm32h5xx_hal_eth_ex.o
LOAD ./Drivers/STM32H5xx_HAL_Driver/Src/stm32h5xx_hal_exti.o
LOAD ./Drivers/STM32H5xx_HAL_Driver/Src/stm32h5xx_hal_flash.o
LOAD ./Drivers/STM32H5xx_HAL_Driver/Src/stm32h5xx_hal_flash_ex.o
LOAD ./Drivers/STM32H5xx_HAL_Driver/Src/stm32h5xx_hal_gpio.o
LOAD ./Drivers/STM32H5xx_HAL_Driver/Src/stm32h5xx_hal_i2c.o
LOAD ./Drivers/STM32H5xx_HAL_Driver/Src/stm32h5xx_hal_i2c_ex.o
LOAD ./Drivers/STM32H5xx_HAL_Driver/Src/stm32h5xx_hal_icache.o
LOAD ./Drivers/STM32H5xx_HAL_Driver/Src/stm32h5xx_hal_pcd.o
LOAD ./Drivers/STM32H5xx_HAL_Driver/Src/stm32h5xx_hal_pcd_ex.o
LOAD ./Drivers/STM32H5xx_HAL_Driver/Src/stm32h5xx_hal_pwr.o
LOAD ./Drivers/STM32H5xx_HAL_Driver/Src/stm32h5xx_hal_pwr_ex.o
LOAD ./Drivers/STM32H5xx_HAL_Driver/Src/stm32h5xx_hal_rcc.o
LOAD ./Drivers/STM32H5xx_HAL_Driver/Src/stm32h5xx_hal_rcc_ex.o
LOAD ./Drivers/STM32H5xx_HAL_Driver/Src/stm32h5xx_hal_uart.o
LOAD ./Drivers/STM32H5xx_HAL_Driver/Src/stm32h5xx_hal_uart_ex.o
LOAD ./Drivers/STM32H5xx_HAL_Driver/Src/stm32h5xx_ll_dma.o
LOAD ./Drivers/STM32H5xx_HAL_Driver/Src/stm32h5xx_ll_exti.o
LOAD ./Drivers/STM32H5xx_HAL_Driver/Src/stm32h5xx_ll_gpio.o
LOAD ./Drivers/STM32H5xx_HAL_Driver/Src/stm32h5xx_ll_rcc.o
LOAD ./Drivers/STM32H5xx_HAL_Driver/Src/stm32h5xx_ll_ucpd.o
LOAD ./Drivers/STM32H5xx_HAL_Driver/Src/stm32h5xx_ll_usb.o
LOAD ./Drivers/STM32H5xx_HAL_Driver/Src/stm32h5xx_ll_utils.o
START GROUP
LOAD C:/ST/STM32CubeIDE_1.13.0/STM32CubeIDE/plugins/com.st.stm32cube.ide.mcu.externaltools.gnu-tools-for-stm32.11.3.rel1.win32_1.1.100.202309141235/tools/bin/../lib/gcc/arm-none-eabi/11.3.1/../../../../arm-none-eabi/lib/thumb/v8-m.main+fp/hard\libc_nano.a
LOAD C:/ST/STM32CubeIDE_1.13.0/STM32CubeIDE/plugins/com.st.stm32cube.ide.mcu.externaltools.gnu-tools-for-stm32.11.3.rel1.win32_1.1.100.202309141235/tools/bin/../lib/gcc/arm-none-eabi/11.3.1/../../../../arm-none-eabi/lib/thumb/v8-m.main+fp/hard\libm.a
END GROUP
START GROUP
LOAD C:/ST/STM32CubeIDE_1.13.0/STM32CubeIDE/plugins/com.st.stm32cube.ide.mcu.externaltools.gnu-tools-for-stm32.11.3.rel1.win32_1.1.100.202309141235/tools/bin/../lib/gcc/arm-none-eabi/11.3.1/thumb/v8-m.main+fp/hard\libgcc.a
LOAD C:/ST/STM32CubeIDE_1.13.0/STM32CubeIDE/plugins/com.st.stm32cube.ide.mcu.externaltools.gnu-tools-for-stm32.11.3.rel1.win32_1.1.100.202309141235/tools/bin/../lib/gcc/arm-none-eabi/11.3.1/../../../../arm-none-eabi/lib/thumb/v8-m.main+fp/hard\libc_nano.a
END GROUP
START GROUP
LOAD C:/ST/STM32CubeIDE_1.13.0/STM32CubeIDE/plugins/com.st.stm32cube.ide.mcu.externaltools.gnu-tools-for-stm32.11.3.rel1.win32_1.1.100.202309141235/tools/bin/../lib/gcc/arm-none-eabi/11.3.1/thumb/v8-m.main+fp/hard\libgcc.a
LOAD C:/ST/STM32CubeIDE_1.13.0/STM32CubeIDE/plugins/com.st.stm32cube.ide.mcu.externaltools.gnu-tools-for-stm32.11.3.rel1.win32_1.1.100.202309141235/tools/bin/../lib/gcc/arm-none-eabi/11.3.1/../../../../arm-none-eabi/lib/thumb/v8-m.main+fp/hard\libc_nano.a
LOAD C:/ST/STM32CubeIDE_1.13.0/STM32CubeIDE/plugins/com.st.stm32cube.ide.mcu.externaltools.gnu-tools-for-stm32.11.3.rel1.win32_1.1.100.202309141235/tools/bin/../lib/gcc/arm-none-eabi/11.3.1/../../../../arm-none-eabi/lib/thumb/v8-m.main+fp/hard\libnosys.a
END GROUP
START GROUP
LOAD C:/ST/STM32CubeIDE_1.13.0/STM32CubeIDE/plugins/com.st.stm32cube.ide.mcu.externaltools.gnu-tools-for-stm32.11.3.rel1.win32_1.1.100.202309141235/tools/bin/../lib/gcc/arm-none-eabi/11.3.1/thumb/v8-m.main+fp/hard\libgcc.a
LOAD C:/ST/STM32CubeIDE_1.13.0/STM32CubeIDE/plugins/com.st.stm32cube.ide.mcu.externaltools.gnu-tools-for-stm32.11.3.rel1.win32_1.1.100.202309141235/tools/bin/../lib/gcc/arm-none-eabi/11.3.1/../../../../arm-none-eabi/lib/thumb/v8-m.main+fp/hard\libc_nano.a
LOAD C:/ST/STM32CubeIDE_1.13.0/STM32CubeIDE/plugins/com.st.stm32cube.ide.mcu.externaltools.gnu-tools-for-stm32.11.3.rel1.win32_1.1.100.202309141235/tools/bin/../lib/gcc/arm-none-eabi/11.3.1/../../../../arm-none-eabi/lib/thumb/v8-m.main+fp/hard\libnosys.a
END GROUP
LOAD C:/ST/STM32CubeIDE_1.13.0/STM32CubeIDE/plugins/com.st.stm32cube.ide.mcu.externaltools.gnu-tools-for-stm32.11.3.rel1.win32_1.1.100.202309141235/tools/bin/../lib/gcc/arm-none-eabi/11.3.1/thumb/v8-m.main+fp/hard/crtend.o
LOAD C:/ST/STM32CubeIDE_1.13.0/STM32CubeIDE/plugins/com.st.stm32cube.ide.mcu.externaltools.gnu-tools-for-stm32.11.3.rel1.win32_1.1.100.202309141235/tools/bin/../lib/gcc/arm-none-eabi/11.3.1/thumb/v8-m.main+fp/hard/crtn.o
                0x00000000200a0000                _estack = (ORIGIN (RAM) + LENGTH (RAM))
                0x0000000000000200                _Min_Heap_Size = 0x200
                0x0000000000000400                _Min_Stack_Size = 0x400

.isr_vector     0x0000000008000000      0x24c
                0x0000000008000000                . = ALIGN (0x4)
 *(.isr_vector)
 .isr_vector    0x0000000008000000      0x24c ./Core/Startup/startup_stm32h563zitx.o
                0x0000000008000000                g_pfnVectors
                0x000000000800024c                . = ALIGN (0x4)

.text           0x0000000008000250     0xcc74
                0x0000000008000250                . = ALIGN (0x4)
 *(.text)
 .text          0x0000000008000250       0x40 C:/ST/STM32CubeIDE_1.13.0/STM32CubeIDE/plugins/com.st.stm32cube.ide.mcu.externaltools.gnu-tools-for-stm32.11.3.rel1.win32_1.1.100.202309141235/tools/bin/../lib/gcc/arm-none-eabi/11.3.1/thumb/v8-m.main+fp/hard/crtbegin.o
 .text          0x0000000008000290      0x378 C:/ST/STM32CubeIDE_1.13.0/STM32CubeIDE/plugins/com.st.stm32cube.ide.mcu.externaltools.gnu-tools-for-stm32.11.3.rel1.win32_1.1.100.202309141235/tools/bin/../lib/gcc/arm-none-eabi/11.3.1/thumb/v8-m.main+fp/hard\libgcc.a(_arm_addsubdf3.o)
                0x0000000008000290                __aeabi_drsub
                0x0000000008000298                __aeabi_dsub
                0x0000000008000298                __subdf3
                0x000000000800029c                __aeabi_dadd
                0x000000000800029c                __adddf3
                0x0000000008000514                __floatunsidf
                0x0000000008000514                __aeabi_ui2d
                0x0000000008000534                __floatsidf
                0x0000000008000534                __aeabi_i2d
                0x0000000008000558                __aeabi_f2d
                0x0000000008000558                __extendsfdf2
                0x000000000800059c                __floatundidf
                0x000000000800059c                __aeabi_ul2d
                0x00000000080005ac                __floatdidf
                0x00000000080005ac                __aeabi_l2d
 .text          0x0000000008000608      0x424 C:/ST/STM32CubeIDE_1.13.0/STM32CubeIDE/plugins/com.st.stm32cube.ide.mcu.externaltools.gnu-tools-for-stm32.11.3.rel1.win32_1.1.100.202309141235/tools/bin/../lib/gcc/arm-none-eabi/11.3.1/thumb/v8-m.main+fp/hard\libgcc.a(_arm_muldivdf3.o)
                0x0000000008000608                __aeabi_dmul
                0x0000000008000608                __muldf3
                0x000000000800085c                __divdf3
                0x000000000800085c                __aeabi_ddiv
 .text          0x0000000008000a2c      0x110 C:/ST/STM32CubeIDE_1.13.0/STM32CubeIDE/plugins/com.st.stm32cube.ide.mcu.externaltools.gnu-tools-for-stm32.11.3.rel1.win32_1.1.100.202309141235/tools/bin/../lib/gcc/arm-none-eabi/11.3.1/thumb/v8-m.main+fp/hard\libgcc.a(_arm_cmpdf2.o)
                0x0000000008000a2c                __gtdf2
                0x0000000008000a2c                __gedf2
                0x0000000008000a34                __ltdf2
                0x0000000008000a34                __ledf2
                0x0000000008000a3c                __nedf2
                0x0000000008000a3c                __eqdf2
                0x0000000008000a3c                __cmpdf2
                0x0000000008000ab8                __aeabi_cdrcmple
                0x0000000008000ac8                __aeabi_cdcmpeq
                0x0000000008000ac8                __aeabi_cdcmple
                0x0000000008000ad8                __aeabi_dcmpeq
                0x0000000008000aec                __aeabi_dcmplt
                0x0000000008000b00                __aeabi_dcmple
                0x0000000008000b14                __aeabi_dcmpge
                0x0000000008000b28                __aeabi_dcmpgt
 .text          0x0000000008000b3c       0x2c C:/ST/STM32CubeIDE_1.13.0/STM32CubeIDE/plugins/com.st.stm32cube.ide.mcu.externaltools.gnu-tools-for-stm32.11.3.rel1.win32_1.1.100.202309141235/tools/bin/../lib/gcc/arm-none-eabi/11.3.1/thumb/v8-m.main+fp/hard\libgcc.a(_arm_unorddf2.o)
                0x0000000008000b3c                __unorddf2
                0x0000000008000b3c                __aeabi_dcmpun
 .text          0x0000000008000b68       0x50 C:/ST/STM32CubeIDE_1.13.0/STM32CubeIDE/plugins/com.st.stm32cube.ide.mcu.externaltools.gnu-tools-for-stm32.11.3.rel1.win32_1.1.100.202309141235/tools/bin/../lib/gcc/arm-none-eabi/11.3.1/thumb/v8-m.main+fp/hard\libgcc.a(_arm_fixdfsi.o)
                0x0000000008000b68                __aeabi_d2iz
                0x0000000008000b68                __fixdfsi
 .text          0x0000000008000bb8       0x40 C:/ST/STM32CubeIDE_1.13.0/STM32CubeIDE/plugins/com.st.stm32cube.ide.mcu.externaltools.gnu-tools-for-stm32.11.3.rel1.win32_1.1.100.202309141235/tools/bin/../lib/gcc/arm-none-eabi/11.3.1/thumb/v8-m.main+fp/hard\libgcc.a(_arm_fixunsdfsi.o)
                0x0000000008000bb8                __aeabi_d2uiz
                0x0000000008000bb8                __fixunsdfsi
 .text          0x0000000008000bf8       0xa0 C:/ST/STM32CubeIDE_1.13.0/STM32CubeIDE/plugins/com.st.stm32cube.ide.mcu.externaltools.gnu-tools-for-stm32.11.3.rel1.win32_1.1.100.202309141235/tools/bin/../lib/gcc/arm-none-eabi/11.3.1/thumb/v8-m.main+fp/hard\libgcc.a(_arm_truncdfsf2.o)
                0x0000000008000bf8                __truncdfsf2
                0x0000000008000bf8                __aeabi_d2f
 .text          0x0000000008000c98       0x30 C:/ST/STM32CubeIDE_1.13.0/STM32CubeIDE/plugins/com.st.stm32cube.ide.mcu.externaltools.gnu-tools-for-stm32.11.3.rel1.win32_1.1.100.202309141235/tools/bin/../lib/gcc/arm-none-eabi/11.3.1/thumb/v8-m.main+fp/hard\libgcc.a(_aeabi_uldivmod.o)
                0x0000000008000c98                __aeabi_uldivmod
 .text          0x0000000008000cc8      0x2ec C:/ST/STM32CubeIDE_1.13.0/STM32CubeIDE/plugins/com.st.stm32cube.ide.mcu.externaltools.gnu-tools-for-stm32.11.3.rel1.win32_1.1.100.202309141235/tools/bin/../lib/gcc/arm-none-eabi/11.3.1/thumb/v8-m.main+fp/hard\libgcc.a(_udivmoddi4.o)
                0x0000000008000cc8                __udivmoddi4
 .text          0x0000000008000fb4        0x4 C:/ST/STM32CubeIDE_1.13.0/STM32CubeIDE/plugins/com.st.stm32cube.ide.mcu.externaltools.gnu-tools-for-stm32.11.3.rel1.win32_1.1.100.202309141235/tools/bin/../lib/gcc/arm-none-eabi/11.3.1/thumb/v8-m.main+fp/hard\libgcc.a(_dvmd_tls.o)
                0x0000000008000fb4                __aeabi_idiv0
                0x0000000008000fb4                __aeabi_ldiv0
 *(.text*)
 .text.read_callibration_data
                0x0000000008000fb8      0x13c ./Core/Src/BMP180.o
                0x0000000008000fb8                read_callibration_data
 .text.Get_UTemp
                0x00000000080010f4       0x64 ./Core/Src/BMP180.o
                0x00000000080010f4                Get_UTemp
 .text.BMP180_GetTemp
                0x0000000008001158      0x13c ./Core/Src/BMP180.o
                0x0000000008001158                BMP180_GetTemp
 .text.Get_UPress
                0x0000000008001294       0xbc ./Core/Src/BMP180.o
                0x0000000008001294                Get_UPress
 .text.BMP180_GetPress
                0x0000000008001350      0x460 ./Core/Src/BMP180.o
                0x0000000008001350                BMP180_GetPress
 .text.BMP180_GetAlt
                0x00000000080017b0       0x94 ./Core/Src/BMP180.o
                0x00000000080017b0                BMP180_GetAlt
 .text.BMP180_Start
                0x0000000008001844        0xc ./Core/Src/BMP180.o
                0x0000000008001844                BMP180_Start
 .text.LL_AHB2_GRP1_EnableClock
                0x0000000008001850       0x38 ./Core/Src/main.o
 .text.LL_APB1_GRP2_EnableClock
                0x0000000008001888       0x38 ./Core/Src/main.o
 .text.main     0x00000000080018c0       0x74 ./Core/Src/main.o
                0x00000000080018c0                main
 .text.SystemClock_Config
                0x0000000008001934       0xe0 ./Core/Src/main.o
                0x0000000008001934                SystemClock_Config
 .text.MX_ADC1_Init
                0x0000000008001a14       0xc8 ./Core/Src/main.o
 .text.MX_ETH_Init
                0x0000000008001adc       0x98 ./Core/Src/main.o
 .text.MX_I2C1_Init
                0x0000000008001b74       0x80 ./Core/Src/main.o
 .text.MX_ICACHE_Init
                0x0000000008001bf4       0x16 ./Core/Src/main.o
 *fill*         0x0000000008001c0a        0x2 
 .text.MX_LPUART1_UART_Init
                0x0000000008001c0c       0x94 ./Core/Src/main.o
 .text.MX_UCPD1_Init
                0x0000000008001ca0       0x48 ./Core/Src/main.o
 .text.MX_USB_PCD_Init
                0x0000000008001ce8       0x64 ./Core/Src/main.o
 .text.MX_GPIO_Init
                0x0000000008001d4c       0xf8 ./Core/Src/main.o
 .text.Error_Handler
                0x0000000008001e44        0xa ./Core/Src/main.o
                0x0000000008001e44                Error_Handler
 .text.HAL_MspInit
                0x0000000008001e4e        0xe ./Core/Src/stm32h5xx_hal_msp.o
                0x0000000008001e4e                HAL_MspInit
 .text.HAL_ADC_MspInit
                0x0000000008001e5c      0x110 ./Core/Src/stm32h5xx_hal_msp.o
                0x0000000008001e5c                HAL_ADC_MspInit
 .text.HAL_ETH_MspInit
                0x0000000008001f6c      0x19c ./Core/Src/stm32h5xx_hal_msp.o
                0x0000000008001f6c                HAL_ETH_MspInit
 .text.HAL_I2C_MspInit
                0x0000000008002108      0x11c ./Core/Src/stm32h5xx_hal_msp.o
                0x0000000008002108                HAL_I2C_MspInit
 .text.HAL_UART_MspInit
                0x0000000008002224      0x11c ./Core/Src/stm32h5xx_hal_msp.o
                0x0000000008002224                HAL_UART_MspInit
 .text.HAL_PCD_MspInit
                0x0000000008002340      0x11c ./Core/Src/stm32h5xx_hal_msp.o
                0x0000000008002340                HAL_PCD_MspInit
 .text.NMI_Handler
                0x000000000800245c        0x6 ./Core/Src/stm32h5xx_it.o
                0x000000000800245c                NMI_Handler
 .text.HardFault_Handler
                0x0000000008002462        0x6 ./Core/Src/stm32h5xx_it.o
                0x0000000008002462                HardFault_Handler
 .text.MemManage_Handler
                0x0000000008002468        0x6 ./Core/Src/stm32h5xx_it.o
                0x0000000008002468                MemManage_Handler
 .text.BusFault_Handler
                0x000000000800246e        0x6 ./Core/Src/stm32h5xx_it.o
                0x000000000800246e                BusFault_Handler
 .text.UsageFault_Handler
                0x0000000008002474        0x6 ./Core/Src/stm32h5xx_it.o
                0x0000000008002474                UsageFault_Handler
 .text.SVC_Handler
                0x000000000800247a        0xe ./Core/Src/stm32h5xx_it.o
                0x000000000800247a                SVC_Handler
 .text.DebugMon_Handler
                0x0000000008002488        0xe ./Core/Src/stm32h5xx_it.o
                0x0000000008002488                DebugMon_Handler
 .text.PendSV_Handler
                0x0000000008002496        0xe ./Core/Src/stm32h5xx_it.o
                0x0000000008002496                PendSV_Handler
 .text.SysTick_Handler
                0x00000000080024a4        0xc ./Core/Src/stm32h5xx_it.o
                0x00000000080024a4                SysTick_Handler
 .text.SystemInit
                0x00000000080024b0       0xf8 ./Core/Src/system_stm32h5xx.o
                0x00000000080024b0                SystemInit
 .text.Reset_Handler
                0x00000000080025a8       0x50 ./Core/Startup/startup_stm32h563zitx.o
                0x00000000080025a8                Reset_Handler
 .text.Default_Handler
                0x00000000080025f8        0x2 ./Core/Startup/startup_stm32h563zitx.o
                0x00000000080025f8                EXTI2_IRQHandler
                0x00000000080025f8                TIM8_TRG_COM_IRQHandler
                0x00000000080025f8                TIM8_CC_IRQHandler
                0x00000000080025f8                EXTI5_IRQHandler
                0x00000000080025f8                I3C1_ER_IRQHandler
                0x00000000080025f8                UART8_IRQHandler
                0x00000000080025f8                SPI4_IRQHandler
                0x00000000080025f8                GPDMA2_Channel1_IRQHandler
                0x00000000080025f8                FLASH_S_IRQHandler
                0x00000000080025f8                EXTI13_IRQHandler
                0x00000000080025f8                TIM1_CC_IRQHandler
                0x00000000080025f8                GPDMA2_Channel3_IRQHandler
                0x00000000080025f8                TAMP_IRQHandler
                0x00000000080025f8                TIM6_IRQHandler
                0x00000000080025f8                EXTI12_IRQHandler
                0x00000000080025f8                CORDIC_IRQHandler
                0x00000000080025f8                USB_DRD_FS_IRQHandler
                0x00000000080025f8                EXTI3_IRQHandler
                0x00000000080025f8                LPTIM4_IRQHandler
                0x00000000080025f8                GPDMA1_Channel5_IRQHandler
                0x00000000080025f8                EXTI8_IRQHandler
                0x00000000080025f8                GPDMA2_Channel5_IRQHandler
                0x00000000080025f8                LPTIM2_IRQHandler
                0x00000000080025f8                I2C3_ER_IRQHandler
                0x00000000080025f8                GPDMA2_Channel2_IRQHandler
                0x00000000080025f8                USART10_IRQHandler
                0x00000000080025f8                LPTIM3_IRQHandler
                0x00000000080025f8                EXTI0_IRQHandler
                0x00000000080025f8                I2C2_EV_IRQHandler
                0x00000000080025f8                FPU_IRQHandler
                0x00000000080025f8                GPDMA1_Channel3_IRQHandler
                0x00000000080025f8                GPDMA1_Channel7_IRQHandler
                0x00000000080025f8                FDCAN1_IT1_IRQHandler
                0x00000000080025f8                RAMCFG_IRQHandler
                0x00000000080025f8                DCACHE1_IRQHandler
                0x00000000080025f8                SPI1_IRQHandler
                0x00000000080025f8                OCTOSPI1_IRQHandler
                0x00000000080025f8                GPDMA1_Channel2_IRQHandler
                0x00000000080025f8                TIM8_UP_IRQHandler
                0x00000000080025f8                RCC_S_IRQHandler
                0x00000000080025f8                SAI2_IRQHandler
                0x00000000080025f8                ADC1_IRQHandler
                0x00000000080025f8                USART6_IRQHandler
                0x00000000080025f8                EXTI15_IRQHandler
                0x00000000080025f8                TIM17_IRQHandler
                0x00000000080025f8                USART3_IRQHandler
                0x00000000080025f8                RTC_IRQHandler
                0x00000000080025f8                EXTI9_IRQHandler
                0x00000000080025f8                LPTIM5_IRQHandler
                0x00000000080025f8                UART5_IRQHandler
                0x00000000080025f8                TIM4_IRQHandler
                0x00000000080025f8                I2C1_EV_IRQHandler
                0x00000000080025f8                GPDMA1_Channel1_IRQHandler
                0x00000000080025f8                TIM16_IRQHandler
                0x00000000080025f8                UART4_IRQHandler
                0x00000000080025f8                SecureFault_Handler
                0x00000000080025f8                TIM3_IRQHandler
                0x00000000080025f8                RCC_IRQHandler
                0x00000000080025f8                UART9_IRQHandler
                0x00000000080025f8                TIM1_TRG_COM_IRQHandler
                0x00000000080025f8                Default_Handler
                0x00000000080025f8                FMAC_IRQHandler
                0x00000000080025f8                CEC_IRQHandler
                0x00000000080025f8                USART11_IRQHandler
                0x00000000080025f8                TIM14_IRQHandler
                0x00000000080025f8                TIM13_IRQHandler
                0x00000000080025f8                GPDMA2_Channel4_IRQHandler
                0x00000000080025f8                SPI5_IRQHandler
                0x00000000080025f8                TIM12_IRQHandler
                0x00000000080025f8                TIM7_IRQHandler
                0x00000000080025f8                SDMMC1_IRQHandler
                0x00000000080025f8                TIM5_IRQHandler
                0x00000000080025f8                UCPD1_IRQHandler
                0x00000000080025f8                GPDMA1_Channel0_IRQHandler
                0x00000000080025f8                I3C1_EV_IRQHandler
                0x00000000080025f8                TIM15_IRQHandler
                0x00000000080025f8                PVD_AVD_IRQHandler
                0x00000000080025f8                I2C3_EV_IRQHandler
                0x00000000080025f8                ETH_WKUP_IRQHandler
                0x00000000080025f8                ADC2_IRQHandler
                0x00000000080025f8                SPI2_IRQHandler
                0x00000000080025f8                EXTI14_IRQHandler
                0x00000000080025f8                EXTI11_IRQHandler
                0x00000000080025f8                CRS_IRQHandler
                0x00000000080025f8                EXTI4_IRQHandler
                0x00000000080025f8                GPDMA2_Channel0_IRQHandler
                0x00000000080025f8                RTC_S_IRQHandler
                0x00000000080025f8                RNG_IRQHandler
                0x00000000080025f8                FDCAN2_IT1_IRQHandler
                0x00000000080025f8                ETH_IRQHandler
                0x00000000080025f8                GPDMA2_Channel6_IRQHandler
                0x00000000080025f8                TIM1_UP_IRQHandler
                0x00000000080025f8                UART12_IRQHandler
                0x00000000080025f8                WWDG_IRQHandler
                0x00000000080025f8                SPI6_IRQHandler
                0x00000000080025f8                I2C4_EV_IRQHandler
                0x00000000080025f8                FDCAN2_IT0_IRQHandler
                0x00000000080025f8                IWDG_IRQHandler
                0x00000000080025f8                LPUART1_IRQHandler
                0x00000000080025f8                FDCAN1_IT0_IRQHandler
                0x00000000080025f8                TIM2_IRQHandler
                0x00000000080025f8                GPDMA1_Channel4_IRQHandler
                0x00000000080025f8                EXTI7_IRQHandler
                0x00000000080025f8                TIM1_BRK_IRQHandler
                0x00000000080025f8                EXTI1_IRQHandler
                0x00000000080025f8                SDMMC2_IRQHandler
                0x00000000080025f8                LPTIM6_IRQHandler
                0x00000000080025f8                DAC1_IRQHandler
                0x00000000080025f8                DTS_IRQHandler
                0x00000000080025f8                UART7_IRQHandler
                0x00000000080025f8                GTZC_IRQHandler
                0x00000000080025f8                USART2_IRQHandler
                0x00000000080025f8                GPDMA1_Channel6_IRQHandler
                0x00000000080025f8                GPDMA2_Channel7_IRQHandler
                0x00000000080025f8                I2C2_ER_IRQHandler
                0x00000000080025f8                TIM8_BRK_IRQHandler
                0x00000000080025f8                FLASH_IRQHandler
                0x00000000080025f8                USART1_IRQHandler
                0x00000000080025f8                EXTI10_IRQHandler
                0x00000000080025f8                SPI3_IRQHandler
                0x00000000080025f8                I2C1_ER_IRQHandler
                0x00000000080025f8                FMC_IRQHandler
                0x00000000080025f8                EXTI6_IRQHandler
                0x00000000080025f8                LPTIM1_IRQHandler
                0x00000000080025f8                DCMI_PSSI_IRQHandler
                0x00000000080025f8                I2C4_ER_IRQHandler
                0x00000000080025f8                ICACHE_IRQHandler
                0x00000000080025f8                SAI1_IRQHandler
                0x00000000080025f8                HASH_IRQHandler
 *fill*         0x00000000080025fa        0x2 
 .text.HAL_Init
                0x00000000080025fc       0x4c ./Drivers/STM32H5xx_HAL_Driver/Src/stm32h5xx_hal.o
                0x00000000080025fc                HAL_Init
 .text.HAL_InitTick
                0x0000000008002648       0x6c ./Drivers/STM32H5xx_HAL_Driver/Src/stm32h5xx_hal.o
                0x0000000008002648                HAL_InitTick
 .text.HAL_IncTick
                0x00000000080026b4       0x28 ./Drivers/STM32H5xx_HAL_Driver/Src/stm32h5xx_hal.o
                0x00000000080026b4                HAL_IncTick
 .text.HAL_GetTick
                0x00000000080026dc       0x18 ./Drivers/STM32H5xx_HAL_Driver/Src/stm32h5xx_hal.o
                0x00000000080026dc                HAL_GetTick
 .text.HAL_Delay
                0x00000000080026f4       0x48 ./Drivers/STM32H5xx_HAL_Driver/Src/stm32h5xx_hal.o
                0x00000000080026f4                HAL_Delay
 .text.HAL_SBS_ETHInterfaceSelect
                0x000000000800273c       0x2c ./Drivers/STM32H5xx_HAL_Driver/Src/stm32h5xx_hal.o
                0x000000000800273c                HAL_SBS_ETHInterfaceSelect
 .text.LL_ADC_SetCommonClock
                0x0000000008002768       0x26 ./Drivers/STM32H5xx_HAL_Driver/Src/stm32h5xx_hal_adc.o
 .text.LL_ADC_SetCommonPathInternalCh
                0x000000000800278e       0x26 ./Drivers/STM32H5xx_HAL_Driver/Src/stm32h5xx_hal_adc.o
 .text.LL_ADC_GetCommonPathInternalCh
                0x00000000080027b4       0x1c ./Drivers/STM32H5xx_HAL_Driver/Src/stm32h5xx_hal_adc.o
 .text.LL_ADC_EnableChannelVDDcore
                0x00000000080027d0       0x24 ./Drivers/STM32H5xx_HAL_Driver/Src/stm32h5xx_hal_adc.o
 .text.LL_ADC_EnableChannel0_GPIO
                0x00000000080027f4       0x28 ./Drivers/STM32H5xx_HAL_Driver/Src/stm32h5xx_hal_adc.o
 .text.LL_ADC_SetOffset
                0x000000000800281c       0x48 ./Drivers/STM32H5xx_HAL_Driver/Src/stm32h5xx_hal_adc.o
 .text.LL_ADC_GetOffsetChannel
                0x0000000008002864       0x2c ./Drivers/STM32H5xx_HAL_Driver/Src/stm32h5xx_hal_adc.o
 .text.LL_ADC_SetOffsetState
                0x0000000008002890       0x36 ./Drivers/STM32H5xx_HAL_Driver/Src/stm32h5xx_hal_adc.o
 .text.LL_ADC_SetOffsetSign
                0x00000000080028c6       0x36 ./Drivers/STM32H5xx_HAL_Driver/Src/stm32h5xx_hal_adc.o
 .text.LL_ADC_SetOffsetSaturation
                0x00000000080028fc       0x36 ./Drivers/STM32H5xx_HAL_Driver/Src/stm32h5xx_hal_adc.o
 .text.LL_ADC_SetSamplingTimeCommonConfig
                0x0000000008002932       0x26 ./Drivers/STM32H5xx_HAL_Driver/Src/stm32h5xx_hal_adc.o
 .text.LL_ADC_REG_SetSequencerRanks
                0x0000000008002958       0x58 ./Drivers/STM32H5xx_HAL_Driver/Src/stm32h5xx_hal_adc.o
 .text.LL_ADC_SetChannelSamplingTime
                0x00000000080029b0       0x56 ./Drivers/STM32H5xx_HAL_Driver/Src/stm32h5xx_hal_adc.o
 *fill*         0x0000000008002a06        0x2 
 .text.LL_ADC_SetChannelSingleDiff
                0x0000000008002a08       0x48 ./Drivers/STM32H5xx_HAL_Driver/Src/stm32h5xx_hal_adc.o
 .text.LL_ADC_DisableDeepPowerDown
                0x0000000008002a50       0x24 ./Drivers/STM32H5xx_HAL_Driver/Src/stm32h5xx_hal_adc.o
 .text.LL_ADC_IsDeepPowerDownEnabled
                0x0000000008002a74       0x28 ./Drivers/STM32H5xx_HAL_Driver/Src/stm32h5xx_hal_adc.o
 .text.LL_ADC_EnableInternalRegulator
                0x0000000008002a9c       0x28 ./Drivers/STM32H5xx_HAL_Driver/Src/stm32h5xx_hal_adc.o
 .text.LL_ADC_IsInternalRegulatorEnabled
                0x0000000008002ac4       0x28 ./Drivers/STM32H5xx_HAL_Driver/Src/stm32h5xx_hal_adc.o
 .text.LL_ADC_IsEnabled
                0x0000000008002aec       0x26 ./Drivers/STM32H5xx_HAL_Driver/Src/stm32h5xx_hal_adc.o
 .text.LL_ADC_REG_IsConversionOngoing
                0x0000000008002b12       0x26 ./Drivers/STM32H5xx_HAL_Driver/Src/stm32h5xx_hal_adc.o
 .text.LL_ADC_INJ_IsConversionOngoing
                0x0000000008002b38       0x26 ./Drivers/STM32H5xx_HAL_Driver/Src/stm32h5xx_hal_adc.o
 *fill*         0x0000000008002b5e        0x2 
 .text.HAL_ADC_Init
                0x0000000008002b60      0x2a8 ./Drivers/STM32H5xx_HAL_Driver/Src/stm32h5xx_hal_adc.o
                0x0000000008002b60                HAL_ADC_Init
 .text.HAL_ADC_ConfigChannel
                0x0000000008002e08      0x804 ./Drivers/STM32H5xx_HAL_Driver/Src/stm32h5xx_hal_adc.o
                0x0000000008002e08                HAL_ADC_ConfigChannel
 .text.__NVIC_SetPriorityGrouping
                0x000000000800360c       0x48 ./Drivers/STM32H5xx_HAL_Driver/Src/stm32h5xx_hal_cortex.o
 .text.__NVIC_GetPriorityGrouping
                0x0000000008003654       0x1c ./Drivers/STM32H5xx_HAL_Driver/Src/stm32h5xx_hal_cortex.o
 .text.__NVIC_SetPriority
                0x0000000008003670       0x54 ./Drivers/STM32H5xx_HAL_Driver/Src/stm32h5xx_hal_cortex.o
 .text.NVIC_EncodePriority
                0x00000000080036c4       0x66 ./Drivers/STM32H5xx_HAL_Driver/Src/stm32h5xx_hal_cortex.o
 *fill*         0x000000000800372a        0x2 
 .text.SysTick_Config
                0x000000000800372c       0x44 ./Drivers/STM32H5xx_HAL_Driver/Src/stm32h5xx_hal_cortex.o
 .text.HAL_NVIC_SetPriorityGrouping
                0x0000000008003770       0x16 ./Drivers/STM32H5xx_HAL_Driver/Src/stm32h5xx_hal_cortex.o
                0x0000000008003770                HAL_NVIC_SetPriorityGrouping
 .text.HAL_NVIC_SetPriority
                0x0000000008003786       0x34 ./Drivers/STM32H5xx_HAL_Driver/Src/stm32h5xx_hal_cortex.o
                0x0000000008003786                HAL_NVIC_SetPriority
 .text.HAL_SYSTICK_Config
                0x00000000080037ba       0x18 ./Drivers/STM32H5xx_HAL_Driver/Src/stm32h5xx_hal_cortex.o
                0x00000000080037ba                HAL_SYSTICK_Config
 *fill*         0x00000000080037d2        0x2 
 .text.HAL_ETH_Init
                0x00000000080037d4      0x1cc ./Drivers/STM32H5xx_HAL_Driver/Src/stm32h5xx_hal_eth.o
                0x00000000080037d4                HAL_ETH_Init
 .text.HAL_ETH_SetMDIOClockRange
                0x00000000080039a0       0xd0 ./Drivers/STM32H5xx_HAL_Driver/Src/stm32h5xx_hal_eth.o
                0x00000000080039a0                HAL_ETH_SetMDIOClockRange
 .text.ETH_SetMACConfig
                0x0000000008003a70      0x238 ./Drivers/STM32H5xx_HAL_Driver/Src/stm32h5xx_hal_eth.o
 .text.ETH_SetDMAConfig
                0x0000000008003ca8      0x10c ./Drivers/STM32H5xx_HAL_Driver/Src/stm32h5xx_hal_eth.o
 .text.ETH_MACDMAConfig
                0x0000000008003db4      0x13a ./Drivers/STM32H5xx_HAL_Driver/Src/stm32h5xx_hal_eth.o
 .text.ETH_DMATxDescListInit
                0x0000000008003eee       0x92 ./Drivers/STM32H5xx_HAL_Driver/Src/stm32h5xx_hal_eth.o
 .text.ETH_DMARxDescListInit
                0x0000000008003f80       0xba ./Drivers/STM32H5xx_HAL_Driver/Src/stm32h5xx_hal_eth.o
 *fill*         0x000000000800403a        0x2 
 .text.HAL_GPIO_Init
                0x000000000800403c      0x2a4 ./Drivers/STM32H5xx_HAL_Driver/Src/stm32h5xx_hal_gpio.o
                0x000000000800403c                HAL_GPIO_Init
 .text.HAL_I2C_Init
                0x00000000080042e0      0x136 ./Drivers/STM32H5xx_HAL_Driver/Src/stm32h5xx_hal_i2c.o
                0x00000000080042e0                HAL_I2C_Init
 *fill*         0x0000000008004416        0x2 
 .text.HAL_I2C_Mem_Write
                0x0000000008004418      0x228 ./Drivers/STM32H5xx_HAL_Driver/Src/stm32h5xx_hal_i2c.o
                0x0000000008004418                HAL_I2C_Mem_Write
 .text.HAL_I2C_Mem_Read
                0x0000000008004640      0x234 ./Drivers/STM32H5xx_HAL_Driver/Src/stm32h5xx_hal_i2c.o
                0x0000000008004640                HAL_I2C_Mem_Read
 .text.I2C_RequestMemoryWrite
                0x0000000008004874       0xa8 ./Drivers/STM32H5xx_HAL_Driver/Src/stm32h5xx_hal_i2c.o
 .text.I2C_RequestMemoryRead
                0x000000000800491c       0xa8 ./Drivers/STM32H5xx_HAL_Driver/Src/stm32h5xx_hal_i2c.o
 .text.I2C_Flush_TXDR
                0x00000000080049c4       0x48 ./Drivers/STM32H5xx_HAL_Driver/Src/stm32h5xx_hal_i2c.o
 .text.I2C_WaitOnFlagUntilTimeout
                0x0000000008004a0c       0x9e ./Drivers/STM32H5xx_HAL_Driver/Src/stm32h5xx_hal_i2c.o
 .text.I2C_WaitOnTXISFlagUntilTimeout
                0x0000000008004aaa       0x8e ./Drivers/STM32H5xx_HAL_Driver/Src/stm32h5xx_hal_i2c.o
 .text.I2C_WaitOnSTOPFlagUntilTimeout
                0x0000000008004b38       0x86 ./Drivers/STM32H5xx_HAL_Driver/Src/stm32h5xx_hal_i2c.o
 *fill*         0x0000000008004bbe        0x2 
 .text.I2C_IsErrorOccurred
                0x0000000008004bc0      0x1c0 ./Drivers/STM32H5xx_HAL_Driver/Src/stm32h5xx_hal_i2c.o
 .text.I2C_TransferConfig
                0x0000000008004d80       0x64 ./Drivers/STM32H5xx_HAL_Driver/Src/stm32h5xx_hal_i2c.o
 .text.HAL_I2CEx_ConfigAnalogFilter
                0x0000000008004de4       0x96 ./Drivers/STM32H5xx_HAL_Driver/Src/stm32h5xx_hal_i2c_ex.o
                0x0000000008004de4                HAL_I2CEx_ConfigAnalogFilter
 .text.HAL_I2CEx_ConfigDigitalFilter
                0x0000000008004e7a       0x98 ./Drivers/STM32H5xx_HAL_Driver/Src/stm32h5xx_hal_i2c_ex.o
                0x0000000008004e7a                HAL_I2CEx_ConfigDigitalFilter
 *fill*         0x0000000008004f12        0x2 
 .text.HAL_ICACHE_Enable
                0x0000000008004f14       0x20 ./Drivers/STM32H5xx_HAL_Driver/Src/stm32h5xx_hal_icache.o
                0x0000000008004f14                HAL_ICACHE_Enable
 .text.HAL_PCD_Init
                0x0000000008004f34      0x1b6 ./Drivers/STM32H5xx_HAL_Driver/Src/stm32h5xx_hal_pcd.o
                0x0000000008004f34                HAL_PCD_Init
 .text.HAL_PCDEx_ActivateLPM
                0x00000000080050ea       0x44 ./Drivers/STM32H5xx_HAL_Driver/Src/stm32h5xx_hal_pcd_ex.o
                0x00000000080050ea                HAL_PCDEx_ActivateLPM
 *fill*         0x000000000800512e        0x2 
 .text.HAL_RCC_OscConfig
                0x0000000008005130      0x870 ./Drivers/STM32H5xx_HAL_Driver/Src/stm32h5xx_hal_rcc.o
                0x0000000008005130                HAL_RCC_OscConfig
 .text.HAL_RCC_ClockConfig
                0x00000000080059a0      0x370 ./Drivers/STM32H5xx_HAL_Driver/Src/stm32h5xx_hal_rcc.o
                0x00000000080059a0                HAL_RCC_ClockConfig
 .text.HAL_RCC_GetSysClockFreq
                0x0000000008005d10      0x258 ./Drivers/STM32H5xx_HAL_Driver/Src/stm32h5xx_hal_rcc.o
                0x0000000008005d10                HAL_RCC_GetSysClockFreq
 .text.HAL_RCC_GetHCLKFreq
                0x0000000008005f68       0x38 ./Drivers/STM32H5xx_HAL_Driver/Src/stm32h5xx_hal_rcc.o
                0x0000000008005f68                HAL_RCC_GetHCLKFreq
 .text.HAL_RCC_GetPCLK1Freq
                0x0000000008005fa0       0x2c ./Drivers/STM32H5xx_HAL_Driver/Src/stm32h5xx_hal_rcc.o
                0x0000000008005fa0                HAL_RCC_GetPCLK1Freq
 .text.HAL_RCC_GetPCLK2Freq
                0x0000000008005fcc       0x2c ./Drivers/STM32H5xx_HAL_Driver/Src/stm32h5xx_hal_rcc.o
                0x0000000008005fcc                HAL_RCC_GetPCLK2Freq
 .text.HAL_RCC_GetPCLK3Freq
                0x0000000008005ff8       0x2c ./Drivers/STM32H5xx_HAL_Driver/Src/stm32h5xx_hal_rcc.o
                0x0000000008005ff8                HAL_RCC_GetPCLK3Freq
 .text.HAL_RCCEx_PeriphCLKConfig
                0x0000000008006024     0x1f14 ./Drivers/STM32H5xx_HAL_Driver/Src/stm32h5xx_hal_rcc_ex.o
                0x0000000008006024                HAL_RCCEx_PeriphCLKConfig
 .text.HAL_RCCEx_GetPLL1ClockFreq
                0x0000000008007f38      0x2d4 ./Drivers/STM32H5xx_HAL_Driver/Src/stm32h5xx_hal_rcc_ex.o
                0x0000000008007f38                HAL_RCCEx_GetPLL1ClockFreq
 .text.HAL_RCCEx_GetPLL2ClockFreq
                0x000000000800820c      0x2d4 ./Drivers/STM32H5xx_HAL_Driver/Src/stm32h5xx_hal_rcc_ex.o
                0x000000000800820c                HAL_RCCEx_GetPLL2ClockFreq
 .text.HAL_RCCEx_GetPLL3ClockFreq
                0x00000000080084e0      0x2d4 ./Drivers/STM32H5xx_HAL_Driver/Src/stm32h5xx_hal_rcc_ex.o
                0x00000000080084e0                HAL_RCCEx_GetPLL3ClockFreq
 .text.HAL_RCCEx_GetPeriphCLKFreq
                0x00000000080087b4     0x26b4 ./Drivers/STM32H5xx_HAL_Driver/Src/stm32h5xx_hal_rcc_ex.o
                0x00000000080087b4                HAL_RCCEx_GetPeriphCLKFreq
 .text.RCCEx_PLL2_Config
                0x000000000800ae68      0x130 ./Drivers/STM32H5xx_HAL_Driver/Src/stm32h5xx_hal_rcc_ex.o
 .text.RCCEx_PLL3_Config
                0x000000000800af98      0x130 ./Drivers/STM32H5xx_HAL_Driver/Src/stm32h5xx_hal_rcc_ex.o
 .text.HAL_UART_Init
                0x000000000800b0c8       0xa0 ./Drivers/STM32H5xx_HAL_Driver/Src/stm32h5xx_hal_uart.o
                0x000000000800b0c8                HAL_UART_Init
 .text.UART_SetConfig
                0x000000000800b168      0x3dc ./Drivers/STM32H5xx_HAL_Driver/Src/stm32h5xx_hal_uart.o
                0x000000000800b168                UART_SetConfig
 .text.UART_AdvFeatureConfig
                0x000000000800b544      0x144 ./Drivers/STM32H5xx_HAL_Driver/Src/stm32h5xx_hal_uart.o
                0x000000000800b544                UART_AdvFeatureConfig
 .text.UART_CheckIdleState
                0x000000000800b688      0x154 ./Drivers/STM32H5xx_HAL_Driver/Src/stm32h5xx_hal_uart.o
                0x000000000800b688                UART_CheckIdleState
 .text.UART_WaitOnFlagUntilTimeout
                0x000000000800b7dc       0xce ./Drivers/STM32H5xx_HAL_Driver/Src/stm32h5xx_hal_uart.o
                0x000000000800b7dc                UART_WaitOnFlagUntilTimeout
 .text.UART_EndRxTransfer
                0x000000000800b8aa       0xcc ./Drivers/STM32H5xx_HAL_Driver/Src/stm32h5xx_hal_uart.o
 .text.HAL_UARTEx_DisableFifoMode
                0x000000000800b976       0x72 ./Drivers/STM32H5xx_HAL_Driver/Src/stm32h5xx_hal_uart_ex.o
                0x000000000800b976                HAL_UARTEx_DisableFifoMode
 .text.HAL_UARTEx_SetTxFifoThreshold
                0x000000000800b9e8       0x7c ./Drivers/STM32H5xx_HAL_Driver/Src/stm32h5xx_hal_uart_ex.o
                0x000000000800b9e8                HAL_UARTEx_SetTxFifoThreshold
 .text.HAL_UARTEx_SetRxFifoThreshold
                0x000000000800ba64       0x7c ./Drivers/STM32H5xx_HAL_Driver/Src/stm32h5xx_hal_uart_ex.o
                0x000000000800ba64                HAL_UARTEx_SetRxFifoThreshold
 .text.UARTEx_SetNbDataToProcess
                0x000000000800bae0       0x9c ./Drivers/STM32H5xx_HAL_Driver/Src/stm32h5xx_hal_uart_ex.o
 .text.LL_GPIO_SetPinMode
                0x000000000800bb7c       0x7a ./Drivers/STM32H5xx_HAL_Driver/Src/stm32h5xx_ll_gpio.o
 .text.LL_GPIO_SetPinOutputType
                0x000000000800bbf6       0x30 ./Drivers/STM32H5xx_HAL_Driver/Src/stm32h5xx_ll_gpio.o
 .text.LL_GPIO_SetPinSpeed
                0x000000000800bc26       0x7a ./Drivers/STM32H5xx_HAL_Driver/Src/stm32h5xx_ll_gpio.o
 .text.LL_GPIO_SetPinPull
                0x000000000800bca0       0x7a ./Drivers/STM32H5xx_HAL_Driver/Src/stm32h5xx_ll_gpio.o
 .text.LL_GPIO_SetAFPin_0_7
                0x000000000800bd1a       0x7a ./Drivers/STM32H5xx_HAL_Driver/Src/stm32h5xx_ll_gpio.o
 .text.LL_GPIO_SetAFPin_8_15
                0x000000000800bd94       0x7e ./Drivers/STM32H5xx_HAL_Driver/Src/stm32h5xx_ll_gpio.o
 .text.LL_GPIO_Init
                0x000000000800be12       0xfc ./Drivers/STM32H5xx_HAL_Driver/Src/stm32h5xx_ll_gpio.o
                0x000000000800be12                LL_GPIO_Init
 .text.USB_DisableGlobalInt
                0x000000000800bf0e       0x2a ./Drivers/STM32H5xx_HAL_Driver/Src/stm32h5xx_ll_usb.o
                0x000000000800bf0e                USB_DisableGlobalInt
 .text.USB_SetCurrentMode
                0x000000000800bf38       0x46 ./Drivers/STM32H5xx_HAL_Driver/Src/stm32h5xx_ll_usb.o
                0x000000000800bf38                USB_SetCurrentMode
 .text.USB_DevInit
                0x000000000800bf7e       0x46 ./Drivers/STM32H5xx_HAL_Driver/Src/stm32h5xx_ll_usb.o
                0x000000000800bf7e                USB_DevInit
 .text.memset   0x000000000800bfc4       0x10 C:/ST/STM32CubeIDE_1.13.0/STM32CubeIDE/plugins/com.st.stm32cube.ide.mcu.externaltools.gnu-tools-for-stm32.11.3.rel1.win32_1.1.100.202309141235/tools/bin/../lib/gcc/arm-none-eabi/11.3.1/../../../../arm-none-eabi/lib/thumb/v8-m.main+fp/hard\libc_nano.a(libc_a-memset.o)
                0x000000000800bfc4                memset
 .text.__errno  0x000000000800bfd4        0xc C:/ST/STM32CubeIDE_1.13.0/STM32CubeIDE/plugins/com.st.stm32cube.ide.mcu.externaltools.gnu-tools-for-stm32.11.3.rel1.win32_1.1.100.202309141235/tools/bin/../lib/gcc/arm-none-eabi/11.3.1/../../../../arm-none-eabi/lib/thumb/v8-m.main+fp/hard\libc_nano.a(libc_a-errno.o)
                0x000000000800bfd4                __errno
 .text.__libc_init_array
                0x000000000800bfe0       0x48 C:/ST/STM32CubeIDE_1.13.0/STM32CubeIDE/plugins/com.st.stm32cube.ide.mcu.externaltools.gnu-tools-for-stm32.11.3.rel1.win32_1.1.100.202309141235/tools/bin/../lib/gcc/arm-none-eabi/11.3.1/../../../../arm-none-eabi/lib/thumb/v8-m.main+fp/hard\libc_nano.a(libc_a-init.o)
                0x000000000800bfe0                __libc_init_array
 .text.pow      0x000000000800c028       0xe0 C:/ST/STM32CubeIDE_1.13.0/STM32CubeIDE/plugins/com.st.stm32cube.ide.mcu.externaltools.gnu-tools-for-stm32.11.3.rel1.win32_1.1.100.202309141235/tools/bin/../lib/gcc/arm-none-eabi/11.3.1/../../../../arm-none-eabi/lib/thumb/v8-m.main+fp/hard\libm.a(libm_a-w_pow.o)
                0x000000000800c028                pow
 .text.finite   0x000000000800c108       0x16 C:/ST/STM32CubeIDE_1.13.0/STM32CubeIDE/plugins/com.st.stm32cube.ide.mcu.externaltools.gnu-tools-for-stm32.11.3.rel1.win32_1.1.100.202309141235/tools/bin/../lib/gcc/arm-none-eabi/11.3.1/../../../../arm-none-eabi/lib/thumb/v8-m.main+fp/hard\libm.a(libm_a-s_finite.o)
                0x000000000800c108                finite
 *fill*         0x000000000800c11e        0x2 
 .text.__ieee754_pow
                0x000000000800c120      0xa5c C:/ST/STM32CubeIDE_1.13.0/STM32CubeIDE/plugins/com.st.stm32cube.ide.mcu.externaltools.gnu-tools-for-stm32.11.3.rel1.win32_1.1.100.202309141235/tools/bin/../lib/gcc/arm-none-eabi/11.3.1/../../../../arm-none-eabi/lib/thumb/v8-m.main+fp/hard\libm.a(libm_a-e_pow.o)
                0x000000000800c120                __ieee754_pow
 .text.fabs     0x000000000800cb7c       0x12 C:/ST/STM32CubeIDE_1.13.0/STM32CubeIDE/plugins/com.st.stm32cube.ide.mcu.externaltools.gnu-tools-for-stm32.11.3.rel1.win32_1.1.100.202309141235/tools/bin/../lib/gcc/arm-none-eabi/11.3.1/../../../../arm-none-eabi/lib/thumb/v8-m.main+fp/hard\libm.a(libm_a-s_fabs.o)
                0x000000000800cb7c                fabs
 *fill*         0x000000000800cb8e        0x2 
 .text.scalbn   0x000000000800cb90       0xfc C:/ST/STM32CubeIDE_1.13.0/STM32CubeIDE/plugins/com.st.stm32cube.ide.mcu.externaltools.gnu-tools-for-stm32.11.3.rel1.win32_1.1.100.202309141235/tools/bin/../lib/gcc/arm-none-eabi/11.3.1/../../../../arm-none-eabi/lib/thumb/v8-m.main+fp/hard\libm.a(libm_a-s_scalbn.o)
                0x000000000800cb90                scalbn
 .text.with_errno
                0x000000000800cc8c       0x14 C:/ST/STM32CubeIDE_1.13.0/STM32CubeIDE/plugins/com.st.stm32cube.ide.mcu.externaltools.gnu-tools-for-stm32.11.3.rel1.win32_1.1.100.202309141235/tools/bin/../lib/gcc/arm-none-eabi/11.3.1/../../../../arm-none-eabi/lib/thumb/v8-m.main+fp/hard\libm.a(libm_a-math_err.o)
 .text.xflow    0x000000000800cca0       0x28 C:/ST/STM32CubeIDE_1.13.0/STM32CubeIDE/plugins/com.st.stm32cube.ide.mcu.externaltools.gnu-tools-for-stm32.11.3.rel1.win32_1.1.100.202309141235/tools/bin/../lib/gcc/arm-none-eabi/11.3.1/../../../../arm-none-eabi/lib/thumb/v8-m.main+fp/hard\libm.a(libm_a-math_err.o)
 .text.__math_uflow
                0x000000000800ccc8       0x12 C:/ST/STM32CubeIDE_1.13.0/STM32CubeIDE/plugins/com.st.stm32cube.ide.mcu.externaltools.gnu-tools-for-stm32.11.3.rel1.win32_1.1.100.202309141235/tools/bin/../lib/gcc/arm-none-eabi/11.3.1/../../../../arm-none-eabi/lib/thumb/v8-m.main+fp/hard\libm.a(libm_a-math_err.o)
                0x000000000800ccc8                __math_uflow
 .text.__math_oflow
                0x000000000800ccda       0x12 C:/ST/STM32CubeIDE_1.13.0/STM32CubeIDE/plugins/com.st.stm32cube.ide.mcu.externaltools.gnu-tools-for-stm32.11.3.rel1.win32_1.1.100.202309141235/tools/bin/../lib/gcc/arm-none-eabi/11.3.1/../../../../arm-none-eabi/lib/thumb/v8-m.main+fp/hard\libm.a(libm_a-math_err.o)
                0x000000000800ccda                __math_oflow
 .text.__ieee754_sqrt
                0x000000000800ccec      0x1c0 C:/ST/STM32CubeIDE_1.13.0/STM32CubeIDE/plugins/com.st.stm32cube.ide.mcu.externaltools.gnu-tools-for-stm32.11.3.rel1.win32_1.1.100.202309141235/tools/bin/../lib/gcc/arm-none-eabi/11.3.1/../../../../arm-none-eabi/lib/thumb/v8-m.main+fp/hard\libm.a(libm_a-e_sqrt.o)
                0x000000000800ccec                __ieee754_sqrt
 *(.glue_7)
 .glue_7        0x000000000800ceac        0x0 linker stubs
 *(.glue_7t)
 .glue_7t       0x000000000800ceac        0x0 linker stubs
 *(.eh_frame)
 .eh_frame      0x000000000800ceac        0x0 C:/ST/STM32CubeIDE_1.13.0/STM32CubeIDE/plugins/com.st.stm32cube.ide.mcu.externaltools.gnu-tools-for-stm32.11.3.rel1.win32_1.1.100.202309141235/tools/bin/../lib/gcc/arm-none-eabi/11.3.1/thumb/v8-m.main+fp/hard/crtbegin.o
 *(.init)
 .init          0x000000000800ceac        0x4 C:/ST/STM32CubeIDE_1.13.0/STM32CubeIDE/plugins/com.st.stm32cube.ide.mcu.externaltools.gnu-tools-for-stm32.11.3.rel1.win32_1.1.100.202309141235/tools/bin/../lib/gcc/arm-none-eabi/11.3.1/thumb/v8-m.main+fp/hard/crti.o
                0x000000000800ceac                _init
 .init          0x000000000800ceb0        0x8 C:/ST/STM32CubeIDE_1.13.0/STM32CubeIDE/plugins/com.st.stm32cube.ide.mcu.externaltools.gnu-tools-for-stm32.11.3.rel1.win32_1.1.100.202309141235/tools/bin/../lib/gcc/arm-none-eabi/11.3.1/thumb/v8-m.main+fp/hard/crtn.o
 *(.fini)
 .fini          0x000000000800ceb8        0x4 C:/ST/STM32CubeIDE_1.13.0/STM32CubeIDE/plugins/com.st.stm32cube.ide.mcu.externaltools.gnu-tools-for-stm32.11.3.rel1.win32_1.1.100.202309141235/tools/bin/../lib/gcc/arm-none-eabi/11.3.1/thumb/v8-m.main+fp/hard/crti.o
                0x000000000800ceb8                _fini
 .fini          0x000000000800cebc        0x8 C:/ST/STM32CubeIDE_1.13.0/STM32CubeIDE/plugins/com.st.stm32cube.ide.mcu.externaltools.gnu-tools-for-stm32.11.3.rel1.win32_1.1.100.202309141235/tools/bin/../lib/gcc/arm-none-eabi/11.3.1/thumb/v8-m.main+fp/hard/crtn.o
                0x000000000800cec4                . = ALIGN (0x4)
                0x000000000800cec4                _etext = .

.vfp11_veneer   0x000000000800cec4        0x0
 .vfp11_veneer  0x000000000800cec4        0x0 linker stubs

.v4_bx          0x000000000800cec4        0x0
 .v4_bx         0x000000000800cec4        0x0 linker stubs

.iplt           0x000000000800cec4        0x0
 .iplt          0x000000000800cec4        0x0 C:/ST/STM32CubeIDE_1.13.0/STM32CubeIDE/plugins/com.st.stm32cube.ide.mcu.externaltools.gnu-tools-for-stm32.11.3.rel1.win32_1.1.100.202309141235/tools/bin/../lib/gcc/arm-none-eabi/11.3.1/thumb/v8-m.main+fp/hard/crtbegin.o

.rodata         0x000000000800cec8       0x78
                0x000000000800cec8                . = ALIGN (0x4)
 *(.rodata)
 .rodata        0x000000000800cec8        0x3 ./Core/Src/BMP180.o
 *(.rodata*)
 *fill*         0x000000000800cecb        0x1 
 .rodata.AHBPrescTable
                0x000000000800cecc       0x10 ./Core/Src/system_stm32h5xx.o
                0x000000000800cecc                AHBPrescTable
 .rodata.APBPrescTable
                0x000000000800cedc        0x8 ./Core/Src/system_stm32h5xx.o
                0x000000000800cedc                APBPrescTable
 .rodata.UARTPrescTable
                0x000000000800cee4       0x18 ./Drivers/STM32H5xx_HAL_Driver/Src/stm32h5xx_hal_uart.o
                0x000000000800cee4                UARTPrescTable
 .rodata.numerator.1
                0x000000000800cefc        0x8 ./Drivers/STM32H5xx_HAL_Driver/Src/stm32h5xx_hal_uart_ex.o
 .rodata.denominator.0
                0x000000000800cf04        0x8 ./Drivers/STM32H5xx_HAL_Driver/Src/stm32h5xx_hal_uart_ex.o
 *fill*         0x000000000800cf0c        0x4 
 .rodata.bp     0x000000000800cf10       0x10 C:/ST/STM32CubeIDE_1.13.0/STM32CubeIDE/plugins/com.st.stm32cube.ide.mcu.externaltools.gnu-tools-for-stm32.11.3.rel1.win32_1.1.100.202309141235/tools/bin/../lib/gcc/arm-none-eabi/11.3.1/../../../../arm-none-eabi/lib/thumb/v8-m.main+fp/hard\libm.a(libm_a-e_pow.o)
 .rodata.dp_h   0x000000000800cf20       0x10 C:/ST/STM32CubeIDE_1.13.0/STM32CubeIDE/plugins/com.st.stm32cube.ide.mcu.externaltools.gnu-tools-for-stm32.11.3.rel1.win32_1.1.100.202309141235/tools/bin/../lib/gcc/arm-none-eabi/11.3.1/../../../../arm-none-eabi/lib/thumb/v8-m.main+fp/hard\libm.a(libm_a-e_pow.o)
 .rodata.dp_l   0x000000000800cf30       0x10 C:/ST/STM32CubeIDE_1.13.0/STM32CubeIDE/plugins/com.st.stm32cube.ide.mcu.externaltools.gnu-tools-for-stm32.11.3.rel1.win32_1.1.100.202309141235/tools/bin/../lib/gcc/arm-none-eabi/11.3.1/../../../../arm-none-eabi/lib/thumb/v8-m.main+fp/hard\libm.a(libm_a-e_pow.o)
                0x000000000800cf40                . = ALIGN (0x4)

.ARM.extab      0x000000000800cf40        0x0
                0x000000000800cf40                . = ALIGN (0x4)
 *(.ARM.extab* .gnu.linkonce.armextab.*)
                0x000000000800cf40                . = ALIGN (0x4)

.ARM            0x000000000800cf40        0x8
                0x000000000800cf40                . = ALIGN (0x4)
                0x000000000800cf40                __exidx_start = .
 *(.ARM.exidx*)
 .ARM.exidx     0x000000000800cf40        0x8 C:/ST/STM32CubeIDE_1.13.0/STM32CubeIDE/plugins/com.st.stm32cube.ide.mcu.externaltools.gnu-tools-for-stm32.11.3.rel1.win32_1.1.100.202309141235/tools/bin/../lib/gcc/arm-none-eabi/11.3.1/thumb/v8-m.main+fp/hard\libgcc.a(_udivmoddi4.o)
                0x000000000800cf48                __exidx_end = .
                0x000000000800cf48                . = ALIGN (0x4)

.rel.dyn        0x000000000800cf48        0x0
 .rel.iplt      0x000000000800cf48        0x0 C:/ST/STM32CubeIDE_1.13.0/STM32CubeIDE/plugins/com.st.stm32cube.ide.mcu.externaltools.gnu-tools-for-stm32.11.3.rel1.win32_1.1.100.202309141235/tools/bin/../lib/gcc/arm-none-eabi/11.3.1/thumb/v8-m.main+fp/hard/crtbegin.o

.preinit_array  0x000000000800cf48        0x0
                0x000000000800cf48                . = ALIGN (0x4)
                0x000000000800cf48                PROVIDE (__preinit_array_start = .)
 *(.preinit_array*)
                0x000000000800cf48                PROVIDE (__preinit_array_end = .)
                0x000000000800cf48                . = ALIGN (0x4)

.init_array     0x000000000800cf48        0x4
                0x000000000800cf48                . = ALIGN (0x4)
                0x000000000800cf48                PROVIDE (__init_array_start = .)
 *(SORT_BY_NAME(.init_array.*))
 *(.init_array*)
 .init_array    0x000000000800cf48        0x4 C:/ST/STM32CubeIDE_1.13.0/STM32CubeIDE/plugins/com.st.stm32cube.ide.mcu.externaltools.gnu-tools-for-stm32.11.3.rel1.win32_1.1.100.202309141235/tools/bin/../lib/gcc/arm-none-eabi/11.3.1/thumb/v8-m.main+fp/hard/crtbegin.o
                0x000000000800cf4c                PROVIDE (__init_array_end = .)
                0x000000000800cf4c                . = ALIGN (0x4)

.fini_array     0x000000000800cf4c        0x4
                0x000000000800cf4c                . = ALIGN (0x4)
                [!provide]                        PROVIDE (__fini_array_start = .)
 *(SORT_BY_NAME(.fini_array.*))
 *(.fini_array*)
 .fini_array    0x000000000800cf4c        0x4 C:/ST/STM32CubeIDE_1.13.0/STM32CubeIDE/plugins/com.st.stm32cube.ide.mcu.externaltools.gnu-tools-for-stm32.11.3.rel1.win32_1.1.100.202309141235/tools/bin/../lib/gcc/arm-none-eabi/11.3.1/thumb/v8-m.main+fp/hard/crtbegin.o
                [!provide]                        PROVIDE (__fini_array_end = .)
                0x000000000800cf50                . = ALIGN (0x4)
                0x000000000800cf50                _sidata = LOADADDR (.data)

.data           0x0000000020000000       0x70 load address 0x000000000800cf50
                0x0000000020000000                . = ALIGN (0x4)
                0x0000000020000000                _sdata = .
 *(.data)
 *(.data*)
 .data.SystemCoreClock
                0x0000000020000000        0x4 ./Core/Src/system_stm32h5xx.o
                0x0000000020000000                SystemCoreClock
 .data.uwTickPrio
                0x0000000020000004        0x4 ./Drivers/STM32H5xx_HAL_Driver/Src/stm32h5xx_hal.o
                0x0000000020000004                uwTickPrio
 .data.uwTickFreq
                0x0000000020000008        0x1 ./Drivers/STM32H5xx_HAL_Driver/Src/stm32h5xx_hal.o
                0x0000000020000008                uwTickFreq
 *fill*         0x0000000020000009        0x3 
 .data._impure_data
                0x000000002000000c       0x4c C:/ST/STM32CubeIDE_1.13.0/STM32CubeIDE/plugins/com.st.stm32cube.ide.mcu.externaltools.gnu-tools-for-stm32.11.3.rel1.win32_1.1.100.202309141235/tools/bin/../lib/gcc/arm-none-eabi/11.3.1/../../../../arm-none-eabi/lib/thumb/v8-m.main+fp/hard\libc_nano.a(libc_a-impure.o)
                0x000000002000000c                _impure_data
 .data._impure_ptr
                0x0000000020000058        0x4 C:/ST/STM32CubeIDE_1.13.0/STM32CubeIDE/plugins/com.st.stm32cube.ide.mcu.externaltools.gnu-tools-for-stm32.11.3.rel1.win32_1.1.100.202309141235/tools/bin/../lib/gcc/arm-none-eabi/11.3.1/../../../../arm-none-eabi/lib/thumb/v8-m.main+fp/hard\libc_nano.a(libc_a-impure.o)
                0x0000000020000058                _impure_ptr
 *fill*         0x000000002000005c        0x4 
 .data.one      0x0000000020000060        0x8 C:/ST/STM32CubeIDE_1.13.0/STM32CubeIDE/plugins/com.st.stm32cube.ide.mcu.externaltools.gnu-tools-for-stm32.11.3.rel1.win32_1.1.100.202309141235/tools/bin/../lib/gcc/arm-none-eabi/11.3.1/../../../../arm-none-eabi/lib/thumb/v8-m.main+fp/hard\libm.a(libm_a-e_sqrt.o)
 .data.tiny     0x0000000020000068        0x8 C:/ST/STM32CubeIDE_1.13.0/STM32CubeIDE/plugins/com.st.stm32cube.ide.mcu.externaltools.gnu-tools-for-stm32.11.3.rel1.win32_1.1.100.202309141235/tools/bin/../lib/gcc/arm-none-eabi/11.3.1/../../../../arm-none-eabi/lib/thumb/v8-m.main+fp/hard\libm.a(libm_a-e_sqrt.o)
 *(.RamFunc)
 *(.RamFunc*)
                0x0000000020000070                . = ALIGN (0x4)
                0x0000000020000070                _edata = .

.igot.plt       0x0000000020000070        0x0 load address 0x000000000800cfc0
 .igot.plt      0x0000000020000070        0x0 C:/ST/STM32CubeIDE_1.13.0/STM32CubeIDE/plugins/com.st.stm32cube.ide.mcu.externaltools.gnu-tools-for-stm32.11.3.rel1.win32_1.1.100.202309141235/tools/bin/../lib/gcc/arm-none-eabi/11.3.1/thumb/v8-m.main+fp/hard/crtbegin.o
                0x0000000020000070                . = ALIGN (0x4)

.bss            0x0000000020000070      0x7b4 load address 0x000000000800cfc0
                0x0000000020000070                _sbss = .
                0x0000000020000070                __bss_start__ = _sbss
 *(.bss)
 .bss           0x0000000020000070       0x1c C:/ST/STM32CubeIDE_1.13.0/STM32CubeIDE/plugins/com.st.stm32cube.ide.mcu.externaltools.gnu-tools-for-stm32.11.3.rel1.win32_1.1.100.202309141235/tools/bin/../lib/gcc/arm-none-eabi/11.3.1/thumb/v8-m.main+fp/hard/crtbegin.o
 *(.bss*)
 .bss.AC1       0x000000002000008c        0x2 ./Core/Src/BMP180.o
                0x000000002000008c                AC1
 .bss.AC2       0x000000002000008e        0x2 ./Core/Src/BMP180.o
                0x000000002000008e                AC2
 .bss.AC3       0x0000000020000090        0x2 ./Core/Src/BMP180.o
                0x0000000020000090                AC3
 .bss.AC4       0x0000000020000092        0x2 ./Core/Src/BMP180.o
                0x0000000020000092                AC4
 .bss.AC5       0x0000000020000094        0x2 ./Core/Src/BMP180.o
                0x0000000020000094                AC5
 .bss.AC6       0x0000000020000096        0x2 ./Core/Src/BMP180.o
                0x0000000020000096                AC6
 .bss.B1        0x0000000020000098        0x2 ./Core/Src/BMP180.o
                0x0000000020000098                B1
 .bss.B2        0x000000002000009a        0x2 ./Core/Src/BMP180.o
                0x000000002000009a                B2
 .bss.MB        0x000000002000009c        0x2 ./Core/Src/BMP180.o
                0x000000002000009c                MB
 .bss.MC        0x000000002000009e        0x2 ./Core/Src/BMP180.o
                0x000000002000009e                MC
 .bss.MD        0x00000000200000a0        0x2 ./Core/Src/BMP180.o
                0x00000000200000a0                MD
 *fill*         0x00000000200000a2        0x2 
 .bss.UT        0x00000000200000a4        0x4 ./Core/Src/BMP180.o
                0x00000000200000a4                UT
 .bss.UP        0x00000000200000a8        0x4 ./Core/Src/BMP180.o
                0x00000000200000a8                UP
 .bss.X1        0x00000000200000ac        0x4 ./Core/Src/BMP180.o
                0x00000000200000ac                X1
 .bss.X2        0x00000000200000b0        0x4 ./Core/Src/BMP180.o
                0x00000000200000b0                X2
 .bss.X3        0x00000000200000b4        0x4 ./Core/Src/BMP180.o
                0x00000000200000b4                X3
 .bss.B3        0x00000000200000b8        0x4 ./Core/Src/BMP180.o
                0x00000000200000b8                B3
 .bss.B5        0x00000000200000bc        0x4 ./Core/Src/BMP180.o
                0x00000000200000bc                B5
 .bss.B4        0x00000000200000c0        0x4 ./Core/Src/BMP180.o
                0x00000000200000c0                B4
 .bss.B6        0x00000000200000c4        0x4 ./Core/Src/BMP180.o
                0x00000000200000c4                B6
 .bss.B7        0x00000000200000c8        0x4 ./Core/Src/BMP180.o
                0x00000000200000c8                B7
 .bss.Press     0x00000000200000cc        0x4 ./Core/Src/BMP180.o
                0x00000000200000cc                Press
 .bss.Temp      0x00000000200000d0        0x4 ./Core/Src/BMP180.o
                0x00000000200000d0                Temp
 .bss.TxConfig  0x00000000200000d4       0x38 ./Core/Src/main.o
                0x00000000200000d4                TxConfig
 .bss.DMARxDscrTab
                0x000000002000010c       0x60 ./Core/Src/main.o
                0x000000002000010c                DMARxDscrTab
 .bss.DMATxDscrTab
                0x000000002000016c       0x60 ./Core/Src/main.o
                0x000000002000016c                DMATxDscrTab
 .bss.hadc1     0x00000000200001cc       0x68 ./Core/Src/main.o
                0x00000000200001cc                hadc1
 .bss.heth      0x0000000020000234       0xb0 ./Core/Src/main.o
                0x0000000020000234                heth
 .bss.hi2c1     0x00000000200002e4       0x54 ./Core/Src/main.o
                0x00000000200002e4                hi2c1
 .bss.hlpuart1  0x0000000020000338       0x94 ./Core/Src/main.o
                0x0000000020000338                hlpuart1
 .bss.hpcd_USB_DRD_FS
                0x00000000200003cc      0x308 ./Core/Src/main.o
                0x00000000200003cc                hpcd_USB_DRD_FS
 .bss.Temperature
                0x00000000200006d4        0x4 ./Core/Src/main.o
                0x00000000200006d4                Temperature
 .bss.Pressure  0x00000000200006d8        0x4 ./Core/Src/main.o
                0x00000000200006d8                Pressure
 .bss.Altitude  0x00000000200006dc        0x4 ./Core/Src/main.o
                0x00000000200006dc                Altitude
 .bss.MACAddr.0
                0x00000000200006e0        0x6 ./Core/Src/main.o
 *fill*         0x00000000200006e6        0x2 
 .bss.uwTick    0x00000000200006e8        0x4 ./Drivers/STM32H5xx_HAL_Driver/Src/stm32h5xx_hal.o
                0x00000000200006e8                uwTick
 .bss.__sf      0x00000000200006ec      0x138 C:/ST/STM32CubeIDE_1.13.0/STM32CubeIDE/plugins/com.st.stm32cube.ide.mcu.externaltools.gnu-tools-for-stm32.11.3.rel1.win32_1.1.100.202309141235/tools/bin/../lib/gcc/arm-none-eabi/11.3.1/../../../../arm-none-eabi/lib/thumb/v8-m.main+fp/hard\libc_nano.a(libc_a-findfp.o)
                0x00000000200006ec                __sf
 *(COMMON)
                0x0000000020000824                . = ALIGN (0x4)
                0x0000000020000824                _ebss = .
                0x0000000020000824                __bss_end__ = _ebss

._user_heap_stack
                0x0000000020000824      0x604 load address 0x000000000800cfc0
                0x0000000020000828                . = ALIGN (0x8)
 *fill*         0x0000000020000824        0x4 
                [!provide]                        PROVIDE (end = .)
                0x0000000020000828                PROVIDE (_end = .)
                0x0000000020000a28                . = (. + _Min_Heap_Size)
 *fill*         0x0000000020000828      0x200 
                0x0000000020000e28                . = (. + _Min_Stack_Size)
 *fill*         0x0000000020000a28      0x400 
                0x0000000020000e28                . = ALIGN (0x8)

/DISCARD/
 libc.a(*)
 libm.a(*)
 libgcc.a(*)

.ARM.attributes
                0x0000000000000000       0x36
 *(.ARM.attributes)
 .ARM.attributes
                0x0000000000000000       0x22 C:/ST/STM32CubeIDE_1.13.0/STM32CubeIDE/plugins/com.st.stm32cube.ide.mcu.externaltools.gnu-tools-for-stm32.11.3.rel1.win32_1.1.100.202309141235/tools/bin/../lib/gcc/arm-none-eabi/11.3.1/thumb/v8-m.main+fp/hard/crti.o
 .ARM.attributes
                0x0000000000000022       0x38 C:/ST/STM32CubeIDE_1.13.0/STM32CubeIDE/plugins/com.st.stm32cube.ide.mcu.externaltools.gnu-tools-for-stm32.11.3.rel1.win32_1.1.100.202309141235/tools/bin/../lib/gcc/arm-none-eabi/11.3.1/thumb/v8-m.main+fp/hard/crtbegin.o
 .ARM.attributes
                0x000000000000005a       0x3a ./Core/Src/BMP180.o
 .ARM.attributes
                0x0000000000000094       0x3a ./Core/Src/main.o
 .ARM.attributes
                0x00000000000000ce       0x3a ./Core/Src/stm32h5xx_hal_msp.o
 .ARM.attributes
                0x0000000000000108       0x3a ./Core/Src/stm32h5xx_it.o
 .ARM.attributes
                0x0000000000000142       0x3a ./Core/Src/system_stm32h5xx.o
 .ARM.attributes
                0x000000000000017c       0x24 ./Core/Startup/startup_stm32h563zitx.o
 .ARM.attributes
                0x00000000000001a0       0x3a ./Drivers/STM32H5xx_HAL_Driver/Src/stm32h5xx_hal.o
 .ARM.attributes
                0x00000000000001da       0x3a ./Drivers/STM32H5xx_HAL_Driver/Src/stm32h5xx_hal_adc.o
 .ARM.attributes
                0x0000000000000214       0x3a ./Drivers/STM32H5xx_HAL_Driver/Src/stm32h5xx_hal_cortex.o
 .ARM.attributes
                0x000000000000024e       0x3a ./Drivers/STM32H5xx_HAL_Driver/Src/stm32h5xx_hal_eth.o
 .ARM.attributes
                0x0000000000000288       0x3a ./Drivers/STM32H5xx_HAL_Driver/Src/stm32h5xx_hal_gpio.o
 .ARM.attributes
                0x00000000000002c2       0x3a ./Drivers/STM32H5xx_HAL_Driver/Src/stm32h5xx_hal_i2c.o
 .ARM.attributes
                0x00000000000002fc       0x3a ./Drivers/STM32H5xx_HAL_Driver/Src/stm32h5xx_hal_i2c_ex.o
 .ARM.attributes
                0x0000000000000336       0x3a ./Drivers/STM32H5xx_HAL_Driver/Src/stm32h5xx_hal_icache.o
 .ARM.attributes
                0x0000000000000370       0x3a ./Drivers/STM32H5xx_HAL_Driver/Src/stm32h5xx_hal_pcd.o
 .ARM.attributes
                0x00000000000003aa       0x3a ./Drivers/STM32H5xx_HAL_Driver/Src/stm32h5xx_hal_pcd_ex.o
 .ARM.attributes
                0x00000000000003e4       0x3a ./Drivers/STM32H5xx_HAL_Driver/Src/stm32h5xx_hal_rcc.o
 .ARM.attributes
                0x000000000000041e       0x3a ./Drivers/STM32H5xx_HAL_Driver/Src/stm32h5xx_hal_rcc_ex.o
 .ARM.attributes
                0x0000000000000458       0x3a ./Drivers/STM32H5xx_HAL_Driver/Src/stm32h5xx_hal_uart.o
 .ARM.attributes
                0x0000000000000492       0x3a ./Drivers/STM32H5xx_HAL_Driver/Src/stm32h5xx_hal_uart_ex.o
 .ARM.attributes
                0x00000000000004cc       0x3a ./Drivers/STM32H5xx_HAL_Driver/Src/stm32h5xx_ll_gpio.o
 .ARM.attributes
                0x0000000000000506       0x3a ./Drivers/STM32H5xx_HAL_Driver/Src/stm32h5xx_ll_usb.o
 .ARM.attributes
                0x0000000000000540       0x38 C:/ST/STM32CubeIDE_1.13.0/STM32CubeIDE/plugins/com.st.stm32cube.ide.mcu.externaltools.gnu-tools-for-stm32.11.3.rel1.win32_1.1.100.202309141235/tools/bin/../lib/gcc/arm-none-eabi/11.3.1/../../../../arm-none-eabi/lib/thumb/v8-m.main+fp/hard\libc_nano.a(libc_a-findfp.o)
 .ARM.attributes
                0x0000000000000578       0x38 C:/ST/STM32CubeIDE_1.13.0/STM32CubeIDE/plugins/com.st.stm32cube.ide.mcu.externaltools.gnu-tools-for-stm32.11.3.rel1.win32_1.1.100.202309141235/tools/bin/../lib/gcc/arm-none-eabi/11.3.1/../../../../arm-none-eabi/lib/thumb/v8-m.main+fp/hard\libc_nano.a(libc_a-memset.o)
 .ARM.attributes
                0x00000000000005b0       0x38 C:/ST/STM32CubeIDE_1.13.0/STM32CubeIDE/plugins/com.st.stm32cube.ide.mcu.externaltools.gnu-tools-for-stm32.11.3.rel1.win32_1.1.100.202309141235/tools/bin/../lib/gcc/arm-none-eabi/11.3.1/../../../../arm-none-eabi/lib/thumb/v8-m.main+fp/hard\libc_nano.a(libc_a-impure.o)
 .ARM.attributes
                0x00000000000005e8       0x38 C:/ST/STM32CubeIDE_1.13.0/STM32CubeIDE/plugins/com.st.stm32cube.ide.mcu.externaltools.gnu-tools-for-stm32.11.3.rel1.win32_1.1.100.202309141235/tools/bin/../lib/gcc/arm-none-eabi/11.3.1/../../../../arm-none-eabi/lib/thumb/v8-m.main+fp/hard\libc_nano.a(libc_a-errno.o)
 .ARM.attributes
                0x0000000000000620       0x38 C:/ST/STM32CubeIDE_1.13.0/STM32CubeIDE/plugins/com.st.stm32cube.ide.mcu.externaltools.gnu-tools-for-stm32.11.3.rel1.win32_1.1.100.202309141235/tools/bin/../lib/gcc/arm-none-eabi/11.3.1/../../../../arm-none-eabi/lib/thumb/v8-m.main+fp/hard\libc_nano.a(libc_a-init.o)
 .ARM.attributes
                0x0000000000000658       0x38 C:/ST/STM32CubeIDE_1.13.0/STM32CubeIDE/plugins/com.st.stm32cube.ide.mcu.externaltools.gnu-tools-for-stm32.11.3.rel1.win32_1.1.100.202309141235/tools/bin/../lib/gcc/arm-none-eabi/11.3.1/../../../../arm-none-eabi/lib/thumb/v8-m.main+fp/hard\libm.a(libm_a-w_pow.o)
 .ARM.attributes
                0x0000000000000690       0x38 C:/ST/STM32CubeIDE_1.13.0/STM32CubeIDE/plugins/com.st.stm32cube.ide.mcu.externaltools.gnu-tools-for-stm32.11.3.rel1.win32_1.1.100.202309141235/tools/bin/../lib/gcc/arm-none-eabi/11.3.1/../../../../arm-none-eabi/lib/thumb/v8-m.main+fp/hard\libm.a(libm_a-s_finite.o)
 .ARM.attributes
                0x00000000000006c8       0x38 C:/ST/STM32CubeIDE_1.13.0/STM32CubeIDE/plugins/com.st.stm32cube.ide.mcu.externaltools.gnu-tools-for-stm32.11.3.rel1.win32_1.1.100.202309141235/tools/bin/../lib/gcc/arm-none-eabi/11.3.1/../../../../arm-none-eabi/lib/thumb/v8-m.main+fp/hard\libm.a(libm_a-e_pow.o)
 .ARM.attributes
                0x0000000000000700       0x38 C:/ST/STM32CubeIDE_1.13.0/STM32CubeIDE/plugins/com.st.stm32cube.ide.mcu.externaltools.gnu-tools-for-stm32.11.3.rel1.win32_1.1.100.202309141235/tools/bin/../lib/gcc/arm-none-eabi/11.3.1/../../../../arm-none-eabi/lib/thumb/v8-m.main+fp/hard\libm.a(libm_a-s_fabs.o)
 .ARM.attributes
                0x0000000000000738       0x38 C:/ST/STM32CubeIDE_1.13.0/STM32CubeIDE/plugins/com.st.stm32cube.ide.mcu.externaltools.gnu-tools-for-stm32.11.3.rel1.win32_1.1.100.202309141235/tools/bin/../lib/gcc/arm-none-eabi/11.3.1/../../../../arm-none-eabi/lib/thumb/v8-m.main+fp/hard\libm.a(libm_a-s_scalbn.o)
 .ARM.attributes
                0x0000000000000770       0x38 C:/ST/STM32CubeIDE_1.13.0/STM32CubeIDE/plugins/com.st.stm32cube.ide.mcu.externaltools.gnu-tools-for-stm32.11.3.rel1.win32_1.1.100.202309141235/tools/bin/../lib/gcc/arm-none-eabi/11.3.1/../../../../arm-none-eabi/lib/thumb/v8-m.main+fp/hard\libm.a(libm_a-math_err.o)
 .ARM.attributes
                0x00000000000007a8       0x38 C:/ST/STM32CubeIDE_1.13.0/STM32CubeIDE/plugins/com.st.stm32cube.ide.mcu.externaltools.gnu-tools-for-stm32.11.3.rel1.win32_1.1.100.202309141235/tools/bin/../lib/gcc/arm-none-eabi/11.3.1/../../../../arm-none-eabi/lib/thumb/v8-m.main+fp/hard\libm.a(libm_a-e_sqrt.o)
 .ARM.attributes
                0x00000000000007e0       0x22 C:/ST/STM32CubeIDE_1.13.0/STM32CubeIDE/plugins/com.st.stm32cube.ide.mcu.externaltools.gnu-tools-for-stm32.11.3.rel1.win32_1.1.100.202309141235/tools/bin/../lib/gcc/arm-none-eabi/11.3.1/thumb/v8-m.main+fp/hard\libgcc.a(_arm_addsubdf3.o)
 .ARM.attributes
                0x0000000000000802       0x22 C:/ST/STM32CubeIDE_1.13.0/STM32CubeIDE/plugins/com.st.stm32cube.ide.mcu.externaltools.gnu-tools-for-stm32.11.3.rel1.win32_1.1.100.202309141235/tools/bin/../lib/gcc/arm-none-eabi/11.3.1/thumb/v8-m.main+fp/hard\libgcc.a(_arm_muldivdf3.o)
 .ARM.attributes
                0x0000000000000824       0x22 C:/ST/STM32CubeIDE_1.13.0/STM32CubeIDE/plugins/com.st.stm32cube.ide.mcu.externaltools.gnu-tools-for-stm32.11.3.rel1.win32_1.1.100.202309141235/tools/bin/../lib/gcc/arm-none-eabi/11.3.1/thumb/v8-m.main+fp/hard\libgcc.a(_arm_cmpdf2.o)
 .ARM.attributes
                0x0000000000000846       0x22 C:/ST/STM32CubeIDE_1.13.0/STM32CubeIDE/plugins/com.st.stm32cube.ide.mcu.externaltools.gnu-tools-for-stm32.11.3.rel1.win32_1.1.100.202309141235/tools/bin/../lib/gcc/arm-none-eabi/11.3.1/thumb/v8-m.main+fp/hard\libgcc.a(_arm_unorddf2.o)
 .ARM.attributes
                0x0000000000000868       0x22 C:/ST/STM32CubeIDE_1.13.0/STM32CubeIDE/plugins/com.st.stm32cube.ide.mcu.externaltools.gnu-tools-for-stm32.11.3.rel1.win32_1.1.100.202309141235/tools/bin/../lib/gcc/arm-none-eabi/11.3.1/thumb/v8-m.main+fp/hard\libgcc.a(_arm_fixdfsi.o)
 .ARM.attributes
                0x000000000000088a       0x22 C:/ST/STM32CubeIDE_1.13.0/STM32CubeIDE/plugins/com.st.stm32cube.ide.mcu.externaltools.gnu-tools-for-stm32.11.3.rel1.win32_1.1.100.202309141235/tools/bin/../lib/gcc/arm-none-eabi/11.3.1/thumb/v8-m.main+fp/hard\libgcc.a(_arm_fixunsdfsi.o)
 .ARM.attributes
                0x00000000000008ac       0x22 C:/ST/STM32CubeIDE_1.13.0/STM32CubeIDE/plugins/com.st.stm32cube.ide.mcu.externaltools.gnu-tools-for-stm32.11.3.rel1.win32_1.1.100.202309141235/tools/bin/../lib/gcc/arm-none-eabi/11.3.1/thumb/v8-m.main+fp/hard\libgcc.a(_arm_truncdfsf2.o)
 .ARM.attributes
                0x00000000000008ce       0x22 C:/ST/STM32CubeIDE_1.13.0/STM32CubeIDE/plugins/com.st.stm32cube.ide.mcu.externaltools.gnu-tools-for-stm32.11.3.rel1.win32_1.1.100.202309141235/tools/bin/../lib/gcc/arm-none-eabi/11.3.1/thumb/v8-m.main+fp/hard\libgcc.a(_aeabi_uldivmod.o)
 .ARM.attributes
                0x00000000000008f0       0x38 C:/ST/STM32CubeIDE_1.13.0/STM32CubeIDE/plugins/com.st.stm32cube.ide.mcu.externaltools.gnu-tools-for-stm32.11.3.rel1.win32_1.1.100.202309141235/tools/bin/../lib/gcc/arm-none-eabi/11.3.1/thumb/v8-m.main+fp/hard\libgcc.a(_udivmoddi4.o)
 .ARM.attributes
                0x0000000000000928       0x22 C:/ST/STM32CubeIDE_1.13.0/STM32CubeIDE/plugins/com.st.stm32cube.ide.mcu.externaltools.gnu-tools-for-stm32.11.3.rel1.win32_1.1.100.202309141235/tools/bin/../lib/gcc/arm-none-eabi/11.3.1/thumb/v8-m.main+fp/hard\libgcc.a(_dvmd_tls.o)
 .ARM.attributes
                0x000000000000094a       0x22 C:/ST/STM32CubeIDE_1.13.0/STM32CubeIDE/plugins/com.st.stm32cube.ide.mcu.externaltools.gnu-tools-for-stm32.11.3.rel1.win32_1.1.100.202309141235/tools/bin/../lib/gcc/arm-none-eabi/11.3.1/thumb/v8-m.main+fp/hard/crtn.o
OUTPUT(bmp180_sensor.elf elf32-littlearm)
LOAD linker stubs
LOAD C:/ST/STM32CubeIDE_1.13.0/STM32CubeIDE/plugins/com.st.stm32cube.ide.mcu.externaltools.gnu-tools-for-stm32.11.3.rel1.win32_1.1.100.202309141235/tools/bin/../lib/gcc/arm-none-eabi/11.3.1/../../../../arm-none-eabi/lib/thumb/v8-m.main+fp/hard\libc.a
LOAD C:/ST/STM32CubeIDE_1.13.0/STM32CubeIDE/plugins/com.st.stm32cube.ide.mcu.externaltools.gnu-tools-for-stm32.11.3.rel1.win32_1.1.100.202309141235/tools/bin/../lib/gcc/arm-none-eabi/11.3.1/../../../../arm-none-eabi/lib/thumb/v8-m.main+fp/hard\libm.a
LOAD C:/ST/STM32CubeIDE_1.13.0/STM32CubeIDE/plugins/com.st.stm32cube.ide.mcu.externaltools.gnu-tools-for-stm32.11.3.rel1.win32_1.1.100.202309141235/tools/bin/../lib/gcc/arm-none-eabi/11.3.1/thumb/v8-m.main+fp/hard\libgcc.a

.comment        0x0000000000000000       0x43
 .comment       0x0000000000000000       0x43 C:/ST/STM32CubeIDE_1.13.0/STM32CubeIDE/plugins/com.st.stm32cube.ide.mcu.externaltools.gnu-tools-for-stm32.11.3.rel1.win32_1.1.100.202309141235/tools/bin/../lib/gcc/arm-none-eabi/11.3.1/thumb/v8-m.main+fp/hard/crtbegin.o
                                         0x44 (size before relaxing)
 .comment       0x0000000000000043       0x44 ./Core/Src/BMP180.o
 .comment       0x0000000000000043       0x44 ./Core/Src/main.o
 .comment       0x0000000000000043       0x44 ./Core/Src/stm32h5xx_hal_msp.o
 .comment       0x0000000000000043       0x44 ./Core/Src/stm32h5xx_it.o
 .comment       0x0000000000000043       0x44 ./Core/Src/system_stm32h5xx.o
 .comment       0x0000000000000043       0x44 ./Drivers/STM32H5xx_HAL_Driver/Src/stm32h5xx_hal.o
 .comment       0x0000000000000043       0x44 ./Drivers/STM32H5xx_HAL_Driver/Src/stm32h5xx_hal_adc.o
 .comment       0x0000000000000043       0x44 ./Drivers/STM32H5xx_HAL_Driver/Src/stm32h5xx_hal_cortex.o
 .comment       0x0000000000000043       0x44 ./Drivers/STM32H5xx_HAL_Driver/Src/stm32h5xx_hal_eth.o
 .comment       0x0000000000000043       0x44 ./Drivers/STM32H5xx_HAL_Driver/Src/stm32h5xx_hal_gpio.o
 .comment       0x0000000000000043       0x44 ./Drivers/STM32H5xx_HAL_Driver/Src/stm32h5xx_hal_i2c.o
 .comment       0x0000000000000043       0x44 ./Drivers/STM32H5xx_HAL_Driver/Src/stm32h5xx_hal_i2c_ex.o
 .comment       0x0000000000000043       0x44 ./Drivers/STM32H5xx_HAL_Driver/Src/stm32h5xx_hal_icache.o
 .comment       0x0000000000000043       0x44 ./Drivers/STM32H5xx_HAL_Driver/Src/stm32h5xx_hal_pcd.o
 .comment       0x0000000000000043       0x44 ./Drivers/STM32H5xx_HAL_Driver/Src/stm32h5xx_hal_pcd_ex.o
 .comment       0x0000000000000043       0x44 ./Drivers/STM32H5xx_HAL_Driver/Src/stm32h5xx_hal_rcc.o
 .comment       0x0000000000000043       0x44 ./Drivers/STM32H5xx_HAL_Driver/Src/stm32h5xx_hal_rcc_ex.o
 .comment       0x0000000000000043       0x44 ./Drivers/STM32H5xx_HAL_Driver/Src/stm32h5xx_hal_uart.o
 .comment       0x0000000000000043       0x44 ./Drivers/STM32H5xx_HAL_Driver/Src/stm32h5xx_hal_uart_ex.o
 .comment       0x0000000000000043       0x44 ./Drivers/STM32H5xx_HAL_Driver/Src/stm32h5xx_ll_gpio.o
 .comment       0x0000000000000043       0x44 ./Drivers/STM32H5xx_HAL_Driver/Src/stm32h5xx_ll_usb.o

.debug_info     0x0000000000000000    0x1dd5a
 .debug_info    0x0000000000000000      0xb7e ./Core/Src/BMP180.o
 .debug_info    0x0000000000000b7e     0x3142 ./Core/Src/main.o
 .debug_info    0x0000000000003cc0     0x2f7f ./Core/Src/stm32h5xx_hal_msp.o
 .debug_info    0x0000000000006c3f      0x16c ./Core/Src/stm32h5xx_it.o
 .debug_info    0x0000000000006dab      0xd8e ./Core/Src/system_stm32h5xx.o
 .debug_info    0x0000000000007b39       0x23 ./Core/Startup/startup_stm32h563zitx.o
 .debug_info    0x0000000000007b5c     0x1361 ./Drivers/STM32H5xx_HAL_Driver/Src/stm32h5xx_hal.o
 .debug_info    0x0000000000008ebd     0x237e ./Drivers/STM32H5xx_HAL_Driver/Src/stm32h5xx_hal_adc.o
 .debug_info    0x000000000000b23b     0x15f8 ./Drivers/STM32H5xx_HAL_Driver/Src/stm32h5xx_hal_cortex.o
 .debug_info    0x000000000000c833     0x295f ./Drivers/STM32H5xx_HAL_Driver/Src/stm32h5xx_hal_eth.o
 .debug_info    0x000000000000f192      0x6b6 ./Drivers/STM32H5xx_HAL_Driver/Src/stm32h5xx_hal_gpio.o
 .debug_info    0x000000000000f848     0x22d6 ./Drivers/STM32H5xx_HAL_Driver/Src/stm32h5xx_hal_i2c.o
 .debug_info    0x0000000000011b1e      0x901 ./Drivers/STM32H5xx_HAL_Driver/Src/stm32h5xx_hal_i2c_ex.o
 .debug_info    0x000000000001241f      0x4e9 ./Drivers/STM32H5xx_HAL_Driver/Src/stm32h5xx_hal_icache.o
 .debug_info    0x0000000000012908     0x1433 ./Drivers/STM32H5xx_HAL_Driver/Src/stm32h5xx_hal_pcd.o
 .debug_info    0x0000000000013d3b      0x7cb ./Drivers/STM32H5xx_HAL_Driver/Src/stm32h5xx_hal_pcd_ex.o
 .debug_info    0x0000000000014506     0x109f ./Drivers/STM32H5xx_HAL_Driver/Src/stm32h5xx_hal_rcc.o
 .debug_info    0x00000000000155a5     0x12d7 ./Drivers/STM32H5xx_HAL_Driver/Src/stm32h5xx_hal_rcc_ex.o
 .debug_info    0x000000000001687c     0x4030 ./Drivers/STM32H5xx_HAL_Driver/Src/stm32h5xx_hal_uart.o
 .debug_info    0x000000000001a8ac     0x10ed ./Drivers/STM32H5xx_HAL_Driver/Src/stm32h5xx_hal_uart_ex.o
 .debug_info    0x000000000001b999      0xb0f ./Drivers/STM32H5xx_HAL_Driver/Src/stm32h5xx_ll_gpio.o
 .debug_info    0x000000000001c4a8     0x18b2 ./Drivers/STM32H5xx_HAL_Driver/Src/stm32h5xx_ll_usb.o

.debug_abbrev   0x0000000000000000     0x3231
 .debug_abbrev  0x0000000000000000      0x232 ./Core/Src/BMP180.o
 .debug_abbrev  0x0000000000000232      0x33d ./Core/Src/main.o
 .debug_abbrev  0x000000000000056f      0x274 ./Core/Src/stm32h5xx_hal_msp.o
 .debug_abbrev  0x00000000000007e3       0xac ./Core/Src/stm32h5xx_it.o
 .debug_abbrev  0x000000000000088f      0x13a ./Core/Src/system_stm32h5xx.o
 .debug_abbrev  0x00000000000009c9       0x12 ./Core/Startup/startup_stm32h563zitx.o
 .debug_abbrev  0x00000000000009db      0x29c ./Drivers/STM32H5xx_HAL_Driver/Src/stm32h5xx_hal.o
 .debug_abbrev  0x0000000000000c77      0x2b9 ./Drivers/STM32H5xx_HAL_Driver/Src/stm32h5xx_hal_adc.o
 .debug_abbrev  0x0000000000000f30      0x30d ./Drivers/STM32H5xx_HAL_Driver/Src/stm32h5xx_hal_cortex.o
 .debug_abbrev  0x000000000000123d      0x2ba ./Drivers/STM32H5xx_HAL_Driver/Src/stm32h5xx_hal_eth.o
 .debug_abbrev  0x00000000000014f7      0x1db ./Drivers/STM32H5xx_HAL_Driver/Src/stm32h5xx_hal_gpio.o
 .debug_abbrev  0x00000000000016d2      0x270 ./Drivers/STM32H5xx_HAL_Driver/Src/stm32h5xx_hal_i2c.o
 .debug_abbrev  0x0000000000001942      0x1a7 ./Drivers/STM32H5xx_HAL_Driver/Src/stm32h5xx_hal_i2c_ex.o
 .debug_abbrev  0x0000000000001ae9      0x228 ./Drivers/STM32H5xx_HAL_Driver/Src/stm32h5xx_hal_icache.o
 .debug_abbrev  0x0000000000001d11      0x307 ./Drivers/STM32H5xx_HAL_Driver/Src/stm32h5xx_hal_pcd.o
 .debug_abbrev  0x0000000000002018      0x228 ./Drivers/STM32H5xx_HAL_Driver/Src/stm32h5xx_hal_pcd_ex.o
 .debug_abbrev  0x0000000000002240      0x290 ./Drivers/STM32H5xx_HAL_Driver/Src/stm32h5xx_hal_rcc.o
 .debug_abbrev  0x00000000000024d0      0x269 ./Drivers/STM32H5xx_HAL_Driver/Src/stm32h5xx_hal_rcc_ex.o
 .debug_abbrev  0x0000000000002739      0x305 ./Drivers/STM32H5xx_HAL_Driver/Src/stm32h5xx_hal_uart.o
 .debug_abbrev  0x0000000000002a3e      0x2d4 ./Drivers/STM32H5xx_HAL_Driver/Src/stm32h5xx_hal_uart_ex.o
 .debug_abbrev  0x0000000000002d12      0x25d ./Drivers/STM32H5xx_HAL_Driver/Src/stm32h5xx_ll_gpio.o
 .debug_abbrev  0x0000000000002f6f      0x2c2 ./Drivers/STM32H5xx_HAL_Driver/Src/stm32h5xx_ll_usb.o

.debug_aranges  0x0000000000000000     0x1520
 .debug_aranges
                0x0000000000000000       0x50 ./Core/Src/BMP180.o
 .debug_aranges
                0x0000000000000050       0x80 ./Core/Src/main.o
 .debug_aranges
                0x00000000000000d0       0x70 ./Core/Src/stm32h5xx_hal_msp.o
 .debug_aranges
                0x0000000000000140       0x60 ./Core/Src/stm32h5xx_it.o
 .debug_aranges
                0x00000000000001a0       0x28 ./Core/Src/system_stm32h5xx.o
 .debug_aranges
                0x00000000000001c8       0x28 ./Core/Startup/startup_stm32h563zitx.o
 .debug_aranges
                0x00000000000001f0      0x200 ./Drivers/STM32H5xx_HAL_Driver/Src/stm32h5xx_hal.o
 .debug_aranges
                0x00000000000003f0      0x258 ./Drivers/STM32H5xx_HAL_Driver/Src/stm32h5xx_hal_adc.o
 .debug_aranges
                0x0000000000000648      0x130 ./Drivers/STM32H5xx_HAL_Driver/Src/stm32h5xx_hal_cortex.o
 .debug_aranges
                0x0000000000000778      0x1d8 ./Drivers/STM32H5xx_HAL_Driver/Src/stm32h5xx_hal_eth.o
 .debug_aranges
                0x0000000000000950       0x78 ./Drivers/STM32H5xx_HAL_Driver/Src/stm32h5xx_hal_gpio.o
 .debug_aranges
                0x00000000000009c8      0x2a0 ./Drivers/STM32H5xx_HAL_Driver/Src/stm32h5xx_hal_i2c.o
 .debug_aranges
                0x0000000000000c68       0x40 ./Drivers/STM32H5xx_HAL_Driver/Src/stm32h5xx_hal_i2c_ex.o
 .debug_aranges
                0x0000000000000ca8       0xa8 ./Drivers/STM32H5xx_HAL_Driver/Src/stm32h5xx_hal_icache.o
 .debug_aranges
                0x0000000000000d50      0x150 ./Drivers/STM32H5xx_HAL_Driver/Src/stm32h5xx_hal_pcd.o
 .debug_aranges
                0x0000000000000ea0       0x58 ./Drivers/STM32H5xx_HAL_Driver/Src/stm32h5xx_hal_pcd_ex.o
 .debug_aranges
                0x0000000000000ef8       0xa0 ./Drivers/STM32H5xx_HAL_Driver/Src/stm32h5xx_hal_rcc.o
 .debug_aranges
                0x0000000000000f98      0x108 ./Drivers/STM32H5xx_HAL_Driver/Src/stm32h5xx_hal_rcc_ex.o
 .debug_aranges
                0x00000000000010a0      0x248 ./Drivers/STM32H5xx_HAL_Driver/Src/stm32h5xx_hal_uart.o
 .debug_aranges
                0x00000000000012e8       0xa8 ./Drivers/STM32H5xx_HAL_Driver/Src/stm32h5xx_hal_uart_ex.o
 .debug_aranges
                0x0000000000001390       0x70 ./Drivers/STM32H5xx_HAL_Driver/Src/stm32h5xx_ll_gpio.o
 .debug_aranges
                0x0000000000001400      0x120 ./Drivers/STM32H5xx_HAL_Driver/Src/stm32h5xx_ll_usb.o

.debug_rnglists
                0x0000000000000000     0x1061
 .debug_rnglists
                0x0000000000000000       0x3c ./Core/Src/BMP180.o
 .debug_rnglists
                0x000000000000003c       0x61 ./Core/Src/main.o
 .debug_rnglists
                0x000000000000009d       0x55 ./Core/Src/stm32h5xx_hal_msp.o
 .debug_rnglists
                0x00000000000000f2       0x43 ./Core/Src/stm32h5xx_it.o
 .debug_rnglists
                0x0000000000000135       0x1b ./Core/Src/system_stm32h5xx.o
 .debug_rnglists
                0x0000000000000150       0x19 ./Core/Startup/startup_stm32h563zitx.o
 .debug_rnglists
                0x0000000000000169      0x17c ./Drivers/STM32H5xx_HAL_Driver/Src/stm32h5xx_hal.o
 .debug_rnglists
                0x00000000000002e5      0x1cc ./Drivers/STM32H5xx_HAL_Driver/Src/stm32h5xx_hal_adc.o
 .debug_rnglists
                0x00000000000004b1       0xe0 ./Drivers/STM32H5xx_HAL_Driver/Src/stm32h5xx_hal_cortex.o
 .debug_rnglists
                0x0000000000000591      0x176 ./Drivers/STM32H5xx_HAL_Driver/Src/stm32h5xx_hal_eth.o
 .debug_rnglists
                0x0000000000000707       0x57 ./Drivers/STM32H5xx_HAL_Driver/Src/stm32h5xx_hal_gpio.o
 .debug_rnglists
                0x000000000000075e      0x228 ./Drivers/STM32H5xx_HAL_Driver/Src/stm32h5xx_hal_i2c.o
 .debug_rnglists
                0x0000000000000986       0x30 ./Drivers/STM32H5xx_HAL_Driver/Src/stm32h5xx_hal_i2c_ex.o
 .debug_rnglists
                0x00000000000009b6       0x7a ./Drivers/STM32H5xx_HAL_Driver/Src/stm32h5xx_hal_icache.o
 .debug_rnglists
                0x0000000000000a30      0x100 ./Drivers/STM32H5xx_HAL_Driver/Src/stm32h5xx_hal_pcd.o
 .debug_rnglists
                0x0000000000000b30       0x3f ./Drivers/STM32H5xx_HAL_Driver/Src/stm32h5xx_hal_pcd_ex.o
 .debug_rnglists
                0x0000000000000b6f       0x79 ./Drivers/STM32H5xx_HAL_Driver/Src/stm32h5xx_hal_rcc.o
 .debug_rnglists
                0x0000000000000be8       0xcf ./Drivers/STM32H5xx_HAL_Driver/Src/stm32h5xx_hal_rcc_ex.o
 .debug_rnglists
                0x0000000000000cb7      0x1fb ./Drivers/STM32H5xx_HAL_Driver/Src/stm32h5xx_hal_uart.o
 .debug_rnglists
                0x0000000000000eb2       0x7f ./Drivers/STM32H5xx_HAL_Driver/Src/stm32h5xx_hal_uart_ex.o
 .debug_rnglists
                0x0000000000000f31       0x51 ./Drivers/STM32H5xx_HAL_Driver/Src/stm32h5xx_ll_gpio.o
 .debug_rnglists
                0x0000000000000f82       0xdf ./Drivers/STM32H5xx_HAL_Driver/Src/stm32h5xx_ll_usb.o

.debug_macro    0x0000000000000000    0x37115
 .debug_macro   0x0000000000000000      0x2e9 ./Core/Src/BMP180.o
 .debug_macro   0x00000000000002e9      0xab4 ./Core/Src/BMP180.o
 .debug_macro   0x0000000000000d9d      0x1e8 ./Core/Src/BMP180.o
 .debug_macro   0x0000000000000f85       0x22 ./Core/Src/BMP180.o
 .debug_macro   0x0000000000000fa7       0x5b ./Core/Src/BMP180.o
 .debug_macro   0x0000000000001002       0x2a ./Core/Src/BMP180.o
 .debug_macro   0x000000000000102c       0x94 ./Core/Src/BMP180.o
 .debug_macro   0x00000000000010c0       0x43 ./Core/Src/BMP180.o
 .debug_macro   0x0000000000001103       0x34 ./Core/Src/BMP180.o
 .debug_macro   0x0000000000001137      0x174 ./Core/Src/BMP180.o
 .debug_macro   0x00000000000012ab       0x16 ./Core/Src/BMP180.o
 .debug_macro   0x00000000000012c1       0x43 ./Core/Src/BMP180.o
 .debug_macro   0x0000000000001304       0x57 ./Core/Src/BMP180.o
 .debug_macro   0x000000000000135b       0x34 ./Core/Src/BMP180.o
 .debug_macro   0x000000000000138f       0x10 ./Core/Src/BMP180.o
 .debug_macro   0x000000000000139f       0x58 ./Core/Src/BMP180.o
 .debug_macro   0x00000000000013f7       0x8e ./Core/Src/BMP180.o
 .debug_macro   0x0000000000001485       0x1c ./Core/Src/BMP180.o
 .debug_macro   0x00000000000014a1      0x177 ./Core/Src/BMP180.o
 .debug_macro   0x0000000000001618      0x369 ./Core/Src/BMP180.o
 .debug_macro   0x0000000000001981      0x19b ./Core/Src/BMP180.o
 .debug_macro   0x0000000000001b1c       0x28 ./Core/Src/BMP180.o
 .debug_macro   0x0000000000001b44       0x49 ./Core/Src/BMP180.o
 .debug_macro   0x0000000000001b8d      0x103 ./Core/Src/BMP180.o
 .debug_macro   0x0000000000001c90       0x6a ./Core/Src/BMP180.o
 .debug_macro   0x0000000000001cfa      0x1df ./Core/Src/BMP180.o
 .debug_macro   0x0000000000001ed9       0x1c ./Core/Src/BMP180.o
 .debug_macro   0x0000000000001ef5       0x29 ./Core/Src/BMP180.o
 .debug_macro   0x0000000000001f1e       0xfb ./Core/Src/BMP180.o
 .debug_macro   0x0000000000002019     0x1685 ./Core/Src/BMP180.o
 .debug_macro   0x000000000000369e       0x5e ./Core/Src/BMP180.o
 .debug_macro   0x00000000000036fc    0x20913 ./Core/Src/BMP180.o
 .debug_macro   0x000000000002400f       0x6d ./Core/Src/BMP180.o
 .debug_macro   0x000000000002407c     0x387c ./Core/Src/BMP180.o
 .debug_macro   0x00000000000278f8       0x63 ./Core/Src/BMP180.o
 .debug_macro   0x000000000002795b     0x1ee3 ./Core/Src/BMP180.o
 .debug_macro   0x000000000002983e      0xe96 ./Core/Src/BMP180.o
 .debug_macro   0x000000000002a6d4      0x15f ./Core/Src/BMP180.o
 .debug_macro   0x000000000002a833      0x2ff ./Core/Src/BMP180.o
 .debug_macro   0x000000000002ab32       0xca ./Core/Src/BMP180.o
 .debug_macro   0x000000000002abfc      0x917 ./Core/Src/BMP180.o
 .debug_macro   0x000000000002b513      0x478 ./Core/Src/BMP180.o
 .debug_macro   0x000000000002b98b       0xd6 ./Core/Src/BMP180.o
 .debug_macro   0x000000000002ba61      0x1ce ./Core/Src/BMP180.o
 .debug_macro   0x000000000002bc2f      0xf7c ./Core/Src/BMP180.o
 .debug_macro   0x000000000002cbab      0x66a ./Core/Src/BMP180.o
 .debug_macro   0x000000000002d215      0x30c ./Core/Src/BMP180.o
 .debug_macro   0x000000000002d521      0x554 ./Core/Src/BMP180.o
 .debug_macro   0x000000000002da75      0x5eb ./Core/Src/BMP180.o
 .debug_macro   0x000000000002e060       0x74 ./Core/Src/BMP180.o
 .debug_macro   0x000000000002e0d4      0x22c ./Core/Src/BMP180.o
 .debug_macro   0x000000000002e300       0x35 ./Core/Src/BMP180.o
 .debug_macro   0x000000000002e335       0xa5 ./Core/Src/BMP180.o
 .debug_macro   0x000000000002e3da      0x313 ./Core/Src/BMP180.o
 .debug_macro   0x000000000002e6ed      0x1bb ./Core/Src/BMP180.o
 .debug_macro   0x000000000002e8a8      0x693 ./Core/Src/BMP180.o
 .debug_macro   0x000000000002ef3b       0xa6 ./Core/Src/BMP180.o
 .debug_macro   0x000000000002efe1      0x21e ./Core/Src/BMP180.o
 .debug_macro   0x000000000002f1ff      0x169 ./Core/Src/BMP180.o
 .debug_macro   0x000000000002f368      0x2a0 ./Core/Src/BMP180.o
 .debug_macro   0x000000000002f608      0xa8c ./Core/Src/BMP180.o
 .debug_macro   0x0000000000030094      0x129 ./Core/Src/BMP180.o
 .debug_macro   0x00000000000301bd      0x485 ./Core/Src/BMP180.o
 .debug_macro   0x0000000000030642      0x37a ./Core/Src/main.o
 .debug_macro   0x00000000000309bc      0x2b6 ./Core/Src/main.o
 .debug_macro   0x0000000000030c72      0x2d3 ./Core/Src/main.o
 .debug_macro   0x0000000000030f45      0x159 ./Core/Src/main.o
 .debug_macro   0x000000000003109e      0xdbc ./Core/Src/main.o
 .debug_macro   0x0000000000031e5a      0x279 ./Core/Src/main.o
 .debug_macro   0x00000000000320d3       0xa7 ./Core/Src/main.o
 .debug_macro   0x000000000003217a      0x281 ./Core/Src/main.o
 .debug_macro   0x00000000000323fb      0x167 ./Core/Src/main.o
 .debug_macro   0x0000000000032562      0xc49 ./Core/Src/main.o
 .debug_macro   0x00000000000331ab      0x28c ./Core/Src/main.o
 .debug_macro   0x0000000000033437      0x148 ./Core/Src/main.o
 .debug_macro   0x000000000003357f       0x16 ./Core/Src/main.o
 .debug_macro   0x0000000000033595       0x35 ./Core/Src/main.o
 .debug_macro   0x00000000000335ca       0x20 ./Core/Src/main.o
 .debug_macro   0x00000000000335ea      0x340 ./Core/Src/stm32h5xx_hal_msp.o
 .debug_macro   0x000000000003392a      0x34a ./Core/Src/stm32h5xx_it.o
 .debug_macro   0x0000000000033c74      0x2de ./Core/Src/system_stm32h5xx.o
 .debug_macro   0x0000000000033f52      0x30d ./Drivers/STM32H5xx_HAL_Driver/Src/stm32h5xx_hal.o
 .debug_macro   0x000000000003425f      0x2f4 ./Drivers/STM32H5xx_HAL_Driver/Src/stm32h5xx_hal_adc.o
 .debug_macro   0x0000000000034553      0x2d7 ./Drivers/STM32H5xx_HAL_Driver/Src/stm32h5xx_hal_cortex.o
 .debug_macro   0x000000000003482a      0x36b ./Drivers/STM32H5xx_HAL_Driver/Src/stm32h5xx_hal_eth.o
 .debug_macro   0x0000000000034b95      0x30d ./Drivers/STM32H5xx_HAL_Driver/Src/stm32h5xx_hal_gpio.o
 .debug_macro   0x0000000000034ea2      0x3a3 ./Drivers/STM32H5xx_HAL_Driver/Src/stm32h5xx_hal_i2c.o
 .debug_macro   0x0000000000035245      0x2d7 ./Drivers/STM32H5xx_HAL_Driver/Src/stm32h5xx_hal_i2c_ex.o
 .debug_macro   0x000000000003551c      0x307 ./Drivers/STM32H5xx_HAL_Driver/Src/stm32h5xx_hal_icache.o
 .debug_macro   0x0000000000035823      0x2e3 ./Drivers/STM32H5xx_HAL_Driver/Src/stm32h5xx_hal_pcd.o
 .debug_macro   0x0000000000035b06      0x2d7 ./Drivers/STM32H5xx_HAL_Driver/Src/stm32h5xx_hal_pcd_ex.o
 .debug_macro   0x0000000000035ddd      0x319 ./Drivers/STM32H5xx_HAL_Driver/Src/stm32h5xx_hal_rcc.o
 .debug_macro   0x00000000000360f6      0x2e9 ./Drivers/STM32H5xx_HAL_Driver/Src/stm32h5xx_hal_rcc_ex.o
 .debug_macro   0x00000000000363df      0x302 ./Drivers/STM32H5xx_HAL_Driver/Src/stm32h5xx_hal_uart.o
 .debug_macro   0x00000000000366e1      0x2e3 ./Drivers/STM32H5xx_HAL_Driver/Src/stm32h5xx_hal_uart_ex.o
 .debug_macro   0x00000000000369c4      0x319 ./Drivers/STM32H5xx_HAL_Driver/Src/stm32h5xx_ll_gpio.o
 .debug_macro   0x0000000000036cdd      0x161 ./Drivers/STM32H5xx_HAL_Driver/Src/stm32h5xx_ll_gpio.o
 .debug_macro   0x0000000000036e3e      0x2d7 ./Drivers/STM32H5xx_HAL_Driver/Src/stm32h5xx_ll_usb.o

.debug_line     0x0000000000000000    0x1cf1d
 .debug_line    0x0000000000000000      0xc21 ./Core/Src/BMP180.o
 .debug_line    0x0000000000000c21      0xdaf ./Core/Src/main.o
 .debug_line    0x00000000000019d0      0xc4f ./Core/Src/stm32h5xx_hal_msp.o
 .debug_line    0x000000000000261f      0xb07 ./Core/Src/stm32h5xx_it.o
 .debug_line    0x0000000000003126      0xace ./Core/Src/system_stm32h5xx.o
 .debug_line    0x0000000000003bf4       0x7b ./Core/Startup/startup_stm32h563zitx.o
 .debug_line    0x0000000000003c6f     0x1022 ./Drivers/STM32H5xx_HAL_Driver/Src/stm32h5xx_hal.o
 .debug_line    0x0000000000004c91     0x2273 ./Drivers/STM32H5xx_HAL_Driver/Src/stm32h5xx_hal_adc.o
 .debug_line    0x0000000000006f04      0xf8c ./Drivers/STM32H5xx_HAL_Driver/Src/stm32h5xx_hal_cortex.o
 .debug_line    0x0000000000007e90     0x1c5e ./Drivers/STM32H5xx_HAL_Driver/Src/stm32h5xx_hal_eth.o